Archive member included to satisfy reference by file (symbol)

/home/zh/.st/stm32cubeide_1.13.2/plugins/com.st.stm32cube.ide.mcu.externaltools.gnu-tools-for-stm32.11.3.rel1.linux64_1.1.1.202309131626/tools/bin/../lib/gcc/arm-none-eabi/11.3.1/../../../../arm-none-eabi/lib/thumb/v7e-m+fp/hard/libc_nano.a(libc_a-exit.o)
                              /home/zh/.st/stm32cubeide_1.13.2/plugins/com.st.stm32cube.ide.mcu.externaltools.gnu-tools-for-stm32.11.3.rel1.linux64_1.1.1.202309131626/tools/bin/../lib/gcc/arm-none-eabi/11.3.1/../../../../arm-none-eabi/lib/thumb/v7e-m+fp/hard/crt0.o (exit)
/home/zh/.st/stm32cubeide_1.13.2/plugins/com.st.stm32cube.ide.mcu.externaltools.gnu-tools-for-stm32.11.3.rel1.linux64_1.1.1.202309131626/tools/bin/../lib/gcc/arm-none-eabi/11.3.1/../../../../arm-none-eabi/lib/thumb/v7e-m+fp/hard/libc_nano.a(libc_a-nano-vfprintf_float.o)
                              (_printf_float)
/home/zh/.st/stm32cubeide_1.13.2/plugins/com.st.stm32cube.ide.mcu.externaltools.gnu-tools-for-stm32.11.3.rel1.linux64_1.1.1.202309131626/tools/bin/../lib/gcc/arm-none-eabi/11.3.1/../../../../arm-none-eabi/lib/thumb/v7e-m+fp/hard/libc_nano.a(libc_a-nano-vfprintf_i.o)
                              /home/zh/.st/stm32cubeide_1.13.2/plugins/com.st.stm32cube.ide.mcu.externaltools.gnu-tools-for-stm32.11.3.rel1.linux64_1.1.1.202309131626/tools/bin/../lib/gcc/arm-none-eabi/11.3.1/../../../../arm-none-eabi/lib/thumb/v7e-m+fp/hard/libc_nano.a(libc_a-nano-vfprintf_float.o) (_printf_common)
/home/zh/.st/stm32cubeide_1.13.2/plugins/com.st.stm32cube.ide.mcu.externaltools.gnu-tools-for-stm32.11.3.rel1.linux64_1.1.1.202309131626/tools/bin/../lib/gcc/arm-none-eabi/11.3.1/../../../../arm-none-eabi/lib/thumb/v7e-m+fp/hard/libc_nano.a(libc_a-findfp.o)
                              /home/zh/.st/stm32cubeide_1.13.2/plugins/com.st.stm32cube.ide.mcu.externaltools.gnu-tools-for-stm32.11.3.rel1.linux64_1.1.1.202309131626/tools/bin/../lib/gcc/arm-none-eabi/11.3.1/../../../../arm-none-eabi/lib/thumb/v7e-m+fp/hard/libc_nano.a(libc_a-exit.o) (__stdio_exit_handler)
/home/zh/.st/stm32cubeide_1.13.2/plugins/com.st.stm32cube.ide.mcu.externaltools.gnu-tools-for-stm32.11.3.rel1.linux64_1.1.1.202309131626/tools/bin/../lib/gcc/arm-none-eabi/11.3.1/../../../../arm-none-eabi/lib/thumb/v7e-m+fp/hard/libc_nano.a(libc_a-fwalk.o)
                              /home/zh/.st/stm32cubeide_1.13.2/plugins/com.st.stm32cube.ide.mcu.externaltools.gnu-tools-for-stm32.11.3.rel1.linux64_1.1.1.202309131626/tools/bin/../lib/gcc/arm-none-eabi/11.3.1/../../../../arm-none-eabi/lib/thumb/v7e-m+fp/hard/libc_nano.a(libc_a-findfp.o) (_fwalk_sglue)
/home/zh/.st/stm32cubeide_1.13.2/plugins/com.st.stm32cube.ide.mcu.externaltools.gnu-tools-for-stm32.11.3.rel1.linux64_1.1.1.202309131626/tools/bin/../lib/gcc/arm-none-eabi/11.3.1/../../../../arm-none-eabi/lib/thumb/v7e-m+fp/hard/libc_nano.a(libc_a-snprintf.o)
                              ./Core/Src/main.o (snprintf)
/home/zh/.st/stm32cubeide_1.13.2/plugins/com.st.stm32cube.ide.mcu.externaltools.gnu-tools-for-stm32.11.3.rel1.linux64_1.1.1.202309131626/tools/bin/../lib/gcc/arm-none-eabi/11.3.1/../../../../arm-none-eabi/lib/thumb/v7e-m+fp/hard/libc_nano.a(libc_a-stdio.o)
                              /home/zh/.st/stm32cubeide_1.13.2/plugins/com.st.stm32cube.ide.mcu.externaltools.gnu-tools-for-stm32.11.3.rel1.linux64_1.1.1.202309131626/tools/bin/../lib/gcc/arm-none-eabi/11.3.1/../../../../arm-none-eabi/lib/thumb/v7e-m+fp/hard/libc_nano.a(libc_a-findfp.o) (__sread)
/home/zh/.st/stm32cubeide_1.13.2/plugins/com.st.stm32cube.ide.mcu.externaltools.gnu-tools-for-stm32.11.3.rel1.linux64_1.1.1.202309131626/tools/bin/../lib/gcc/arm-none-eabi/11.3.1/../../../../arm-none-eabi/lib/thumb/v7e-m+fp/hard/libc_nano.a(libc_a-memset.o)
                              /home/zh/.st/stm32cubeide_1.13.2/plugins/com.st.stm32cube.ide.mcu.externaltools.gnu-tools-for-stm32.11.3.rel1.linux64_1.1.1.202309131626/tools/bin/../lib/gcc/arm-none-eabi/11.3.1/../../../../arm-none-eabi/lib/thumb/v7e-m+fp/hard/crt0.o (memset)
/home/zh/.st/stm32cubeide_1.13.2/plugins/com.st.stm32cube.ide.mcu.externaltools.gnu-tools-for-stm32.11.3.rel1.linux64_1.1.1.202309131626/tools/bin/../lib/gcc/arm-none-eabi/11.3.1/../../../../arm-none-eabi/lib/thumb/v7e-m+fp/hard/libc_nano.a(libc_a-localeconv.o)
                              /home/zh/.st/stm32cubeide_1.13.2/plugins/com.st.stm32cube.ide.mcu.externaltools.gnu-tools-for-stm32.11.3.rel1.linux64_1.1.1.202309131626/tools/bin/../lib/gcc/arm-none-eabi/11.3.1/../../../../arm-none-eabi/lib/thumb/v7e-m+fp/hard/libc_nano.a(libc_a-nano-vfprintf_float.o) (_localeconv_r)
/home/zh/.st/stm32cubeide_1.13.2/plugins/com.st.stm32cube.ide.mcu.externaltools.gnu-tools-for-stm32.11.3.rel1.linux64_1.1.1.202309131626/tools/bin/../lib/gcc/arm-none-eabi/11.3.1/../../../../arm-none-eabi/lib/thumb/v7e-m+fp/hard/libc_nano.a(libc_a-closer.o)
[...]
Memory Configuration

Name             Origin             Length             Attributes
RAM              0x0000000020000000 0x0000000000020000 xrw
FLASH            0x0000000008000000 0x0000000000080000 xr
*default*        0x0000000000000000 0xffffffffffffffff

Linker script and memory map

LOAD /home/zh/.st/stm32cubeide_1.13.2/plugins/com.st.stm32cube.ide.mcu.externaltools.gnu-tools-for-stm32.11.3.rel1.linux64_1.1.1.202309131626/tools/bin/../lib/gcc/arm-none-eabi/11.3.1/thumb/v7e-m+fp/hard/crti.o
LOAD /home/zh/.st/stm32cubeide_1.13.2/plugins/com.st.stm32cube.ide.mcu.externaltools.gnu-tools-for-stm32.11.3.rel1.linux64_1.1.1.202309131626/tools/bin/../lib/gcc/arm-none-eabi/11.3.1/thumb/v7e-m+fp/hard/crtbegin.o
LOAD /home/zh/.st/stm32cubeide_1.13.2/plugins/com.st.stm32cube.ide.mcu.externaltools.gnu-tools-for-stm32.11.3.rel1.linux64_1.1.1.202309131626/tools/bin/../lib/gcc/arm-none-eabi/11.3.1/../../../../arm-none-eabi/lib/thumb/v7e-m+fp/hard/crt0.o
LOAD ./Core/Lib/ILI9341/fonts.o
LOAD ./Core/Lib/ILI9341/ili9341.o
LOAD ./Core/Src/main.o
LOAD ./Core/Src/stm32f4xx_hal_msp.o
LOAD ./Core/Src/stm32f4xx_it.o
LOAD ./Core/Src/syscalls.o
LOAD ./Core/Src/sysmem.o
LOAD ./Core/Src/system_stm32f4xx.o
LOAD ./Core/Startup/startup_stm32f411ceux.o
LOAD ./Drivers/STM32F4xx_HAL_Driver/Src/stm32f4xx_hal.o
LOAD ./Drivers/STM32F4xx_HAL_Driver/Src/stm32f4xx_hal_adc.o
LOAD ./Drivers/STM32F4xx_HAL_Driver/Src/stm32f4xx_hal_adc_ex.o
LOAD ./Drivers/STM32F4xx_HAL_Driver/Src/stm32f4xx_hal_cortex.o
LOAD ./Drivers/STM32F4xx_HAL_Driver/Src/stm32f4xx_hal_dma.o
LOAD ./Drivers/STM32F4xx_HAL_Driver/Src/stm32f4xx_hal_dma_ex.o
LOAD ./Drivers/STM32F4xx_HAL_Driver/Src/stm32f4xx_hal_exti.o
LOAD ./Drivers/STM32F4xx_HAL_Driver/Src/stm32f4xx_hal_flash.o
LOAD ./Drivers/STM32F4xx_HAL_Driver/Src/stm32f4xx_hal_flash_ex.o
LOAD ./Drivers/STM32F4xx_HAL_Driver/Src/stm32f4xx_hal_flash_ramfunc.o
LOAD ./Drivers/STM32F4xx_HAL_Driver/Src/stm32f4xx_hal_gpio.o
LOAD ./Drivers/STM32F4xx_HAL_Driver/Src/stm32f4xx_hal_pwr.o
LOAD ./Drivers/STM32F4xx_HAL_Driver/Src/stm32f4xx_hal_pwr_ex.o
LOAD ./Drivers/STM32F4xx_HAL_Driver/Src/stm32f4xx_hal_rcc.o
LOAD ./Drivers/STM32F4xx_HAL_Driver/Src/stm32f4xx_hal_rcc_ex.o
LOAD ./Drivers/STM32F4xx_HAL_Driver/Src/stm32f4xx_hal_spi.o
LOAD ./Drivers/STM32F4xx_HAL_Driver/Src/stm32f4xx_hal_tim.o
LOAD ./Drivers/STM32F4xx_HAL_Driver/Src/stm32f4xx_hal_tim_ex.o
LOAD ./Drivers/STM32F4xx_HAL_Driver/Src/stm32f4xx_ll_adc.o
START GROUP
LOAD /home/zh/.st/stm32cubeide_1.13.2/plugins/com.st.stm32cube.ide.mcu.externaltools.gnu-tools-for-stm32.11.3.rel1.linux64_1.1.1.202309131626/tools/bin/../lib/gcc/arm-none-eabi/11.3.1/../../../../arm-none-eabi/lib/thumb/v7e-m+fp/hard/libc_nano.a
LOAD /home/zh/.st/stm32cubeide_1.13.2/plugins/com.st.stm32cube.ide.mcu.externaltools.gnu-tools-for-stm32.11.3.rel1.linux64_1.1.1.202309131626/tools/bin/../lib/gcc/arm-none-eabi/11.3.1/../../../../arm-none-eabi/lib/thumb/v7e-m+fp/hard/libm.a
END GROUP
START GROUP
LOAD /home/zh/.st/stm32cubeide_1.13.2/plugins/com.st.stm32cube.ide.mcu.externaltools.gnu-tools-for-stm32.11.3.rel1.linux64_1.1.1.202309131626/tools/bin/../lib/gcc/arm-none-eabi/11.3.1/thumb/v7e-m+fp/hard/libgcc.a
LOAD /home/zh/.st/stm32cubeide_1.13.2/plugins/com.st.stm32cube.ide.mcu.externaltools.gnu-tools-for-stm32.11.3.rel1.linux64_1.1.1.202309131626/tools/bin/../lib/gcc/arm-none-eabi/11.3.1/../../../../arm-none-eabi/lib/thumb/v7e-m+fp/hard/libc_nano.a
END GROUP
START GROUP
LOAD /home/zh/.st/stm32cubeide_1.13.2/plugins/com.st.stm32cube.ide.mcu.externaltools.gnu-tools-for-stm32.11.3.rel1.linux64_1.1.1.202309131626/tools/bin/../lib/gcc/arm-none-eabi/11.3.1/thumb/v7e-m+fp/hard/libgcc.a
LOAD /home/zh/.st/stm32cubeide_1.13.2/plugins/com.st.stm32cube.ide.mcu.externaltools.gnu-tools-for-stm32.11.3.rel1.linux64_1.1.1.202309131626/tools/bin/../lib/gcc/arm-none-eabi/11.3.1/../../../../arm-none-eabi/lib/thumb/v7e-m+fp/hard/libc_nano.a
LOAD /home/zh/.st/stm32cubeide_1.13.2/plugins/com.st.stm32cube.ide.mcu.externaltools.gnu-tools-for-stm32.11.3.rel1.linux64_1.1.1.202309131626/tools/bin/../lib/gcc/arm-none-eabi/11.3.1/../../../../arm-none-eabi/lib/thumb/v7e-m+fp/hard/libnosys.a
END GROUP
START GROUP
LOAD /home/zh/.st/stm32cubeide_1.13.2/plugins/com.st.stm32cube.ide.mcu.externaltools.gnu-tools-for-stm32.11.3.rel1.linux64_1.1.1.202309131626/tools/bin/../lib/gcc/arm-none-eabi/11.3.1/thumb/v7e-m+fp/hard/libgcc.a
LOAD /home/zh/.st/stm32cubeide_1.13.2/plugins/com.st.stm32cube.ide.mcu.externaltools.gnu-tools-for-stm32.11.3.rel1.linux64_1.1.1.202309131626/tools/bin/../lib/gcc/arm-none-eabi/11.3.1/../../../../arm-none-eabi/lib/thumb/v7e-m+fp/hard/libc_nano.a
LOAD /home/zh/.st/stm32cubeide_1.13.2/plugins/com.st.stm32cube.ide.mcu.externaltools.gnu-tools-for-stm32.11.3.rel1.linux64_1.1.1.202309131626/tools/bin/../lib/gcc/arm-none-eabi/11.3.1/../../../../arm-none-eabi/lib/thumb/v7e-m+fp/hard/libnosys.a
END GROUP
LOAD /home/zh/.st/stm32cubeide_1.13.2/plugins/com.st.stm32cube.ide.mcu.externaltools.gnu-tools-for-stm32.11.3.rel1.linux64_1.1.1.202309131626/tools/bin/../lib/gcc/arm-none-eabi/11.3.1/thumb/v7e-m+fp/hard/crtend.o
LOAD /home/zh/.st/stm32cubeide_1.13.2/plugins/com.st.stm32cube.ide.mcu.externaltools.gnu-tools-for-stm32.11.3.rel1.linux64_1.1.1.202309131626/tools/bin/../lib/gcc/arm-none-eabi/11.3.1/thumb/v7e-m+fp/hard/crtn.o
                0x0000000020020000                _estack = (ORIGIN (RAM) + LENGTH (RAM))
                0x0000000000000200                _Min_Heap_Size = 0x200
                0x0000000000000400                _Min_Stack_Size = 0x400

.isr_vector     0x0000000008000000      0x198
                0x0000000008000000                . = ALIGN (0x4)
 *(.isr_vector)
 .isr_vector    0x0000000008000000      0x198 ./Core/Startup/startup_stm32f411ceux.o
                0x0000000008000000                g_pfnVectors
                0x0000000008000198                . = ALIGN (0x4)

.text           0x00000000080001a0     0xa974
                0x00000000080001a0                . = ALIGN (0x4)
 *(.text)
 .text          0x00000000080001a0       0x40 /home/zh/.st/stm32cubeide_1.13.2/plugins/com.st.stm32cube.ide.mcu.externaltools.gnu-tools-for-stm32.11.3.rel1.linux64_1.1.1.202309131626/tools/bin/../lib/gcc/arm-none-eabi/11.3.1/thumb/v7e-m+fp/hard/crtbegin.o
 .text          0x00000000080001e0       0xa0 /home/zh/.st/stm32cubeide_1.13.2/plugins/com.st.stm32cube.ide.mcu.externaltools.gnu-tools-for-stm32.11.3.rel1.linux64_1.1.1.202309131626/tools/bin/../lib/gcc/arm-none-eabi/11.3.1/../../../../arm-none-eabi/lib/thumb/v7e-m+fp/hard/libc_nano.a(libc_a-memchr.o)
                0x00000000080001e0                memchr
 .text          0x0000000008000280       0x10 /home/zh/.st/stm32cubeide_1.13.2/plugins/com.st.stm32cube.ide.mcu.externaltools.gnu-tools-for-stm32.11.3.rel1.linux64_1.1.1.202309131626/tools/bin/../lib/gcc/arm-none-eabi/11.3.1/../../../../arm-none-eabi/lib/thumb/v7e-m+fp/hard/libc_nano.a(libc_a-strlen.o)
                0x0000000008000280                strlen
 .text          0x0000000008000290      0x378 /home/zh/.st/stm32cubeide_1.13.2/plugins/com.st.stm32cube.ide.mcu.externaltools.gnu-tools-for-stm32.11.3.rel1.linux64_1.1.1.202309131626/tools/bin/../lib/gcc/arm-none-eabi/11.3.1/thumb/v7e-m+fp/hard/libgcc.a(_arm_addsubdf3.o)
                0x0000000008000290                __aeabi_drsub
                0x0000000008000298                __aeabi_dsub
                0x0000000008000298                __subdf3
                0x000000000800029c                __adddf3
                0x000000000800029c                __aeabi_dadd
                0x0000000008000514                __aeabi_ui2d
                0x0000000008000514                __floatunsidf
                0x0000000008000534                __floatsidf
                0x0000000008000534                __aeabi_i2d
                0x0000000008000558                __extendsfdf2
                0x0000000008000558                __aeabi_f2d
                0x000000000800059c                __aeabi_ul2d
                0x000000000800059c                __floatundidf
                0x00000000080005ac                __floatdidf
                0x00000000080005ac                __aeabi_l2d
 .text          0x0000000008000608      0x424 /home/zh/.st/stm32cubeide_1.13.2/plugins/com.st.stm32cube.ide.mcu.externaltools.gnu-tools-for-stm32.11.3.rel1.linux64_1.1.1.202309131626/tools/bin/../lib/gcc/arm-none-eabi/11.3.1/thumb/v7e-m+fp/hard/libgcc.a(_arm_muldivdf3.o)
                0x0000000008000608                __aeabi_dmul
                0x0000000008000608                __muldf3
                0x000000000800085c                __aeabi_ddiv
                0x000000000800085c                __divdf3
 .text          0x0000000008000a2c      0x110 /home/zh/.st/stm32cubeide_1.13.2/plugins/com.st.stm32cube.ide.mcu.externaltools.gnu-tools-for-stm32.11.3.rel1.linux64_1.1.1.202309131626/tools/bin/../lib/gcc/arm-none-eabi/11.3.1/thumb/v7e-m+fp/hard/libgcc.a(_arm_cmpdf2.o)
                0x0000000008000a2c                __gtdf2
                0x0000000008000a2c                __gedf2
                0x0000000008000a34                __ltdf2
                0x0000000008000a34                __ledf2
                0x0000000008000a3c                __cmpdf2
                0x0000000008000a3c                __eqdf2
                0x0000000008000a3c                __nedf2
                0x0000000008000ab8                __aeabi_cdrcmple
                0x0000000008000ac8                __aeabi_cdcmple
                0x0000000008000ac8                __aeabi_cdcmpeq
                0x0000000008000ad8                __aeabi_dcmpeq
                0x0000000008000aec                __aeabi_dcmplt
                0x0000000008000b00                __aeabi_dcmple
                0x0000000008000b14                __aeabi_dcmpge
                0x0000000008000b28                __aeabi_dcmpgt
 .text          0x0000000008000b3c       0x2c /home/zh/.st/stm32cubeide_1.13.2/plugins/com.st.stm32cube.ide.mcu.externaltools.gnu-tools-for-stm32.11.3.rel1.linux64_1.1.1.202309131626/tools/bin/../lib/gcc/arm-none-eabi/11.3.1/thumb/v7e-m+fp/hard/libgcc.a(_arm_unorddf2.o)
                0x0000000008000b3c                __aeabi_dcmpun
                0x0000000008000b3c                __unorddf2
 .text          0x0000000008000b68       0x50 /home/zh/.st/stm32cubeide_1.13.2/plugins/com.st.stm32cube.ide.mcu.externaltools.gnu-tools-for-stm32.11.3.rel1.linux64_1.1.1.202309131626/tools/bin/../lib/gcc/arm-none-eabi/11.3.1/thumb/v7e-m+fp/hard/libgcc.a(_arm_fixdfsi.o)
                0x0000000008000b68                __fixdfsi
                0x0000000008000b68                __aeabi_d2iz
 .text          0x0000000008000bb8       0x30 /home/zh/.st/stm32cubeide_1.13.2/plugins/com.st.stm32cube.ide.mcu.externaltools.gnu-tools-for-stm32.11.3.rel1.linux64_1.1.1.202309131626/tools/bin/../lib/gcc/arm-none-eabi/11.3.1/thumb/v7e-m+fp/hard/libgcc.a(_aeabi_uldivmod.o)
                0x0000000008000bb8                __aeabi_uldivmod
 .text          0x0000000008000be8      0x2c8 /home/zh/.st/stm32cubeide_1.13.2/plugins/com.st.stm32cube.ide.mcu.externaltools.gnu-tools-for-stm32.11.3.rel1.linux64_1.1.1.202309131626/tools/bin/../lib/gcc/arm-none-eabi/11.3.1/thumb/v7e-m+fp/hard/libgcc.a(_udivmoddi4.o)
                0x0000000008000be8                __udivmoddi4
 .text          0x0000000008000eb0        0x4 /home/zh/.st/stm32cubeide_1.13.2/plugins/com.st.stm32cube.ide.mcu.externaltools.gnu-tools-for-stm32.11.3.rel1.linux64_1.1.1.202309131626/tools/bin/../lib/gcc/arm-none-eabi/11.3.1/thumb/v7e-m+fp/hard/libgcc.a(_dvmd_tls.o)
                0x0000000008000eb0                __aeabi_ldiv0
                0x0000000008000eb0                __aeabi_idiv0
 *(.text*)
 .text.ILI9341_WriteCommand
                0x0000000008000eb4       0x30 ./Core/Lib/ILI9341/ili9341.o
 .text.ILI9341_WriteByte
                0x0000000008000ee4       0x2c ./Core/Lib/ILI9341/ili9341.o
 .text.ILI9341_WriteBuffer
                0x0000000008000f10       0x54 ./Core/Lib/ILI9341/ili9341.o
 .text.ILI9341_SetAddressWindow
                0x0000000008000f64       0xae ./Core/Lib/ILI9341/ili9341.o
 .text.ILI9341_Reset
                0x0000000008001012       0x2e ./Core/Lib/ILI9341/ili9341.o
 .text.ILI9341_Init
                0x0000000008001040      0x2e8 ./Core/Lib/ILI9341/ili9341.o
                0x0000000008001040                ILI9341_Init
 .text.ILI9341_DrawPixel
                0x0000000008001328       0x94 ./Core/Lib/ILI9341/ili9341.o
                0x0000000008001328                ILI9341_DrawPixel
 .text.ILI9341_Fill
                0x00000000080013bc      0x11e ./Core/Lib/ILI9341/ili9341.o
 .text.ILI9341_FillScreen
                0x00000000080014da       0x64 ./Core/Lib/ILI9341/ili9341.o
                0x00000000080014da                ILI9341_FillScreen
 .text.ILI9341_FillRectangle
                0x000000000800153e       0xba ./Core/Lib/ILI9341/ili9341.o
                0x000000000800153e                ILI9341_FillRectangle
 .text.ILI9341_Rectangle
                0x00000000080015f8       0x8a ./Core/Lib/ILI9341/ili9341.o
                0x00000000080015f8                ILI9341_Rectangle
 .text.ILI9341_WriteChar
                0x0000000008001682       0xec ./Core/Lib/ILI9341/ili9341.o
 .text.ILI9341_WriteString
                0x000000000800176e       0xb8 ./Core/Lib/ILI9341/ili9341.o
                0x000000000800176e                ILI9341_WriteString
 *fill*         0x0000000008001826        0x2 
 .text.main     0x0000000008001828     0x1288 ./Core/Src/main.o
                0x0000000008001828                main
 .text.SystemClock_Config
                0x0000000008002ab0       0xd0 ./Core/Src/main.o
                0x0000000008002ab0                SystemClock_Config
 .text.MX_ADC1_Init
                0x0000000008002b80       0xdc ./Core/Src/main.o
 .text.MX_SPI1_Init
                0x0000000008002c5c       0x6c ./Core/Src/main.o
 .text.MX_TIM1_Init
                0x0000000008002cc8      0x110 ./Core/Src/main.o
 .text.MX_TIM3_Init
                0x0000000008002dd8       0xb0 ./Core/Src/main.o
 .text.MX_TIM4_Init
                0x0000000008002e88       0xb0 ./Core/Src/main.o
 .text.MX_TIM10_Init
                0x0000000008002f38       0x44 ./Core/Src/main.o
 .text.MX_DMA_Init
                0x0000000008002f7c       0x40 ./Core/Src/main.o
 .text.MX_GPIO_Init
                0x0000000008002fbc      0x118 ./Core/Src/main.o
 .text.drawAxis
                0x00000000080030d4       0xfa ./Core/Src/main.o
 .text.clearCursor
                0x00000000080031ce       0x2c ./Core/Src/main.o
 .text.clearTrigger
                0x00000000080031fa       0x2e ./Core/Src/main.o
 .text.drawCursor
                0x0000000008003228       0xa4 ./Core/Src/main.o
 .text.drawTrigger
                0x00000000080032cc       0xac ./Core/Src/main.o
 .text.drawSignal
                0x0000000008003378      0x68c ./Core/Src/main.o
 .text.clearSignal
                0x0000000008003a04       0xe4 ./Core/Src/main.o
 .text.drawSignalParam
                0x0000000008003ae8      0x250 ./Core/Src/main.o
 .text.Error_Handler
                0x0000000008003d38       0x3c ./Core/Src/main.o
                0x0000000008003d38                Error_Handler
 .text.HAL_MspInit
                0x0000000008003d74       0x50 ./Core/Src/stm32f4xx_hal_msp.o
                0x0000000008003d74                HAL_MspInit
 .text.HAL_ADC_MspInit
                0x0000000008003dc4      0x128 ./Core/Src/stm32f4xx_hal_msp.o
                0x0000000008003dc4                HAL_ADC_MspInit
 .text.HAL_SPI_MspInit
                0x0000000008003eec       0x90 ./Core/Src/stm32f4xx_hal_msp.o
                0x0000000008003eec                HAL_SPI_MspInit
 .text.HAL_TIM_PWM_MspInit
                0x0000000008003f7c       0x50 ./Core/Src/stm32f4xx_hal_msp.o
                0x0000000008003f7c                HAL_TIM_PWM_MspInit
 .text.HAL_TIM_Encoder_MspInit
                0x0000000008003fcc       0xf8 ./Core/Src/stm32f4xx_hal_msp.o
                0x0000000008003fcc                HAL_TIM_Encoder_MspInit
 .text.HAL_TIM_Base_MspInit
                0x00000000080040c4       0x50 ./Core/Src/stm32f4xx_hal_msp.o
                0x00000000080040c4                HAL_TIM_Base_MspInit
 .text.HAL_TIM_MspPostInit
                0x0000000008004114       0x74 ./Core/Src/stm32f4xx_hal_msp.o
                0x0000000008004114                HAL_TIM_MspPostInit
 .text.NMI_Handler
                0x0000000008004188        0x6 ./Core/Src/stm32f4xx_it.o
                0x0000000008004188                NMI_Handler
 .text.HardFault_Handler
                0x000000000800418e        0x6 ./Core/Src/stm32f4xx_it.o
                0x000000000800418e                HardFault_Handler
 .text.MemManage_Handler
                0x0000000008004194        0x6 ./Core/Src/stm32f4xx_it.o
                0x0000000008004194                MemManage_Handler
 .text.BusFault_Handler
                0x000000000800419a        0x6 ./Core/Src/stm32f4xx_it.o
                0x000000000800419a                BusFault_Handler
 .text.UsageFault_Handler
                0x00000000080041a0        0x6 ./Core/Src/stm32f4xx_it.o
                0x00000000080041a0                UsageFault_Handler
 .text.SVC_Handler
                0x00000000080041a6        0xe ./Core/Src/stm32f4xx_it.o
                0x00000000080041a6                SVC_Handler
 .text.DebugMon_Handler
                0x00000000080041b4        0xe ./Core/Src/stm32f4xx_it.o
                0x00000000080041b4                DebugMon_Handler
 .text.PendSV_Handler
                0x00000000080041c2        0xe ./Core/Src/stm32f4xx_it.o
                0x00000000080041c2                PendSV_Handler
 .text.SysTick_Handler
                0x00000000080041d0        0xc ./Core/Src/stm32f4xx_it.o
                0x00000000080041d0                SysTick_Handler
 .text.EXTI3_IRQHandler
                0x00000000080041dc        0xe ./Core/Src/stm32f4xx_it.o
                0x00000000080041dc                EXTI3_IRQHandler
 *fill*         0x00000000080041ea        0x2 
 .text.TIM1_UP_TIM10_IRQHandler
                0x00000000080041ec       0x1c ./Core/Src/stm32f4xx_it.o
                0x00000000080041ec                TIM1_UP_TIM10_IRQHandler
 .text.EXTI15_10_IRQHandler
                0x0000000008004208       0x18 ./Core/Src/stm32f4xx_it.o
                0x0000000008004208                EXTI15_10_IRQHandler
 .text.DMA2_Stream0_IRQHandler
                0x0000000008004220       0x14 ./Core/Src/stm32f4xx_it.o
                0x0000000008004220                DMA2_Stream0_IRQHandler
 .text.HAL_ADC_ConvCpltCallback
                0x0000000008004234      0x3fc ./Core/Src/stm32f4xx_it.o
                0x0000000008004234                HAL_ADC_ConvCpltCallback
 .text.HAL_TIM_PeriodElapsedCallback
                0x0000000008004630       0x44 ./Core/Src/stm32f4xx_it.o
                0x0000000008004630                HAL_TIM_PeriodElapsedCallback
 .text.HAL_GPIO_EXTI_Callback
                0x0000000008004674       0x4c ./Core/Src/stm32f4xx_it.o
                0x0000000008004674                HAL_GPIO_EXTI_Callback
 .text._getpid  0x00000000080046c0       0x10 ./Core/Src/syscalls.o
                0x00000000080046c0                _getpid
 .text._kill    0x00000000080046d0       0x20 ./Core/Src/syscalls.o
                0x00000000080046d0                _kill
 .text._exit    0x00000000080046f0       0x14 ./Core/Src/syscalls.o
                0x00000000080046f0                _exit
 .text._read    0x0000000008004704       0x3a ./Core/Src/syscalls.o
                0x0000000008004704                _read
 .text._write   0x000000000800473e       0x38 ./Core/Src/syscalls.o
                0x000000000800473e                _write
 .text._close   0x0000000008004776       0x18 ./Core/Src/syscalls.o
                0x0000000008004776                _close
 .text._fstat   0x000000000800478e       0x20 ./Core/Src/syscalls.o
                0x000000000800478e                _fstat
 .text._isatty  0x00000000080047ae       0x16 ./Core/Src/syscalls.o
                0x00000000080047ae                _isatty
 .text._lseek   0x00000000080047c4       0x1a ./Core/Src/syscalls.o
                0x00000000080047c4                _lseek
 *fill*         0x00000000080047de        0x2 
 .text._sbrk    0x00000000080047e0       0x6c ./Core/Src/sysmem.o
                0x00000000080047e0                _sbrk
 .text.SystemInit
                0x000000000800484c       0x24 ./Core/Src/system_stm32f4xx.o
                0x000000000800484c                SystemInit
 .text.Reset_Handler
                0x0000000008004870       0x50 ./Core/Startup/startup_stm32f411ceux.o
                0x0000000008004870                Reset_Handler
 .text.Default_Handler
                0x00000000080048c0        0x2 ./Core/Startup/startup_stm32f411ceux.o
                0x00000000080048c0                RTC_Alarm_IRQHandler
                0x00000000080048c0                EXTI2_IRQHandler
                0x00000000080048c0                SPI4_IRQHandler
                0x00000000080048c0                TIM1_CC_IRQHandler
                0x00000000080048c0                DMA2_Stream5_IRQHandler
                0x00000000080048c0                DMA1_Stream5_IRQHandler
                0x00000000080048c0                PVD_IRQHandler
                0x00000000080048c0                SDIO_IRQHandler
                0x00000000080048c0                TAMP_STAMP_IRQHandler
                0x00000000080048c0                I2C3_ER_IRQHandler
                0x00000000080048c0                EXTI0_IRQHandler
                0x00000000080048c0                I2C2_EV_IRQHandler
                0x00000000080048c0                DMA1_Stream2_IRQHandler
                0x00000000080048c0                FPU_IRQHandler
                0x00000000080048c0                DMA2_Stream2_IRQHandler
                0x00000000080048c0                SPI1_IRQHandler
                0x00000000080048c0                TIM1_BRK_TIM9_IRQHandler
                0x00000000080048c0                DMA2_Stream3_IRQHandler
                0x00000000080048c0                USART6_IRQHandler
                0x00000000080048c0                TIM4_IRQHandler
                0x00000000080048c0                I2C1_EV_IRQHandler
                0x00000000080048c0                DMA1_Stream6_IRQHandler
                0x00000000080048c0                DMA1_Stream1_IRQHandler
                0x00000000080048c0                TIM3_IRQHandler
                0x00000000080048c0                RCC_IRQHandler
                0x00000000080048c0                Default_Handler
                0x00000000080048c0                ADC_IRQHandler
                0x00000000080048c0                DMA1_Stream7_IRQHandler
                0x00000000080048c0                SPI5_IRQHandler
                0x00000000080048c0                TIM5_IRQHandler
                0x00000000080048c0                DMA2_Stream7_IRQHandler
                0x00000000080048c0                I2C3_EV_IRQHandler
                0x00000000080048c0                EXTI9_5_IRQHandler
                0x00000000080048c0                RTC_WKUP_IRQHandler
                0x00000000080048c0                SPI2_IRQHandler
                0x00000000080048c0                DMA1_Stream0_IRQHandler
                0x00000000080048c0                EXTI4_IRQHandler
                0x00000000080048c0                WWDG_IRQHandler
                0x00000000080048c0                TIM2_IRQHandler
                0x00000000080048c0                OTG_FS_WKUP_IRQHandler
                0x00000000080048c0                TIM1_TRG_COM_TIM11_IRQHandler
                0x00000000080048c0                EXTI1_IRQHandler
                0x00000000080048c0                USART2_IRQHandler
                0x00000000080048c0                I2C2_ER_IRQHandler
                0x00000000080048c0                DMA2_Stream1_IRQHandler
                0x00000000080048c0                FLASH_IRQHandler
                0x00000000080048c0                DMA2_Stream4_IRQHandler
                0x00000000080048c0                USART1_IRQHandler
                0x00000000080048c0                OTG_FS_IRQHandler
                0x00000000080048c0                SPI3_IRQHandler
                0x00000000080048c0                DMA1_Stream4_IRQHandler
                0x00000000080048c0                I2C1_ER_IRQHandler
                0x00000000080048c0                DMA2_Stream6_IRQHandler
                0x00000000080048c0                DMA1_Stream3_IRQHandler
 *fill*         0x00000000080048c2        0x2 
 .text.HAL_Init
                0x00000000080048c4       0x44 ./Drivers/STM32F4xx_HAL_Driver/Src/stm32f4xx_hal.o
                0x00000000080048c4                HAL_Init
 .text.HAL_InitTick
                0x0000000008004908       0x60 ./Drivers/STM32F4xx_HAL_Driver/Src/stm32f4xx_hal.o
                0x0000000008004908                HAL_InitTick
 .text.HAL_IncTick
                0x0000000008004968       0x28 ./Drivers/STM32F4xx_HAL_Driver/Src/stm32f4xx_hal.o
                0x0000000008004968                HAL_IncTick
 .text.HAL_GetTick
                0x0000000008004990       0x18 ./Drivers/STM32F4xx_HAL_Driver/Src/stm32f4xx_hal.o
                0x0000000008004990                HAL_GetTick
 .text.HAL_Delay
                0x00000000080049a8       0x48 ./Drivers/STM32F4xx_HAL_Driver/Src/stm32f4xx_hal.o
                0x00000000080049a8                HAL_Delay
 .text.HAL_ADC_Init
                0x00000000080049f0       0x86 ./Drivers/STM32F4xx_HAL_Driver/Src/stm32f4xx_hal_adc.o
                0x00000000080049f0                HAL_ADC_Init
 *fill*         0x0000000008004a76        0x2 
 .text.HAL_ADC_Start_DMA
                0x0000000008004a78      0x1e0 ./Drivers/STM32F4xx_HAL_Driver/Src/stm32f4xx_hal_adc.o
                0x0000000008004a78                HAL_ADC_Start_DMA
 .text.HAL_ADC_Stop_DMA
                0x0000000008004c58       0xb4 ./Drivers/STM32F4xx_HAL_Driver/Src/stm32f4xx_hal_adc.o
                0x0000000008004c58                HAL_ADC_Stop_DMA
 .text.HAL_ADC_ConvHalfCpltCallback
                0x0000000008004d0c       0x14 ./Drivers/STM32F4xx_HAL_Driver/Src/stm32f4xx_hal_adc.o
                0x0000000008004d0c                HAL_ADC_ConvHalfCpltCallback
 .text.HAL_ADC_ErrorCallback
                0x0000000008004d20       0x14 ./Drivers/STM32F4xx_HAL_Driver/Src/stm32f4xx_hal_adc.o
                0x0000000008004d20                HAL_ADC_ErrorCallback
 .text.HAL_ADC_ConfigChannel
                0x0000000008004d34      0x264 ./Drivers/STM32F4xx_HAL_Driver/Src/stm32f4xx_hal_adc.o
                0x0000000008004d34                HAL_ADC_ConfigChannel
 .text.ADC_Init
                0x0000000008004f98      0x1f8 ./Drivers/STM32F4xx_HAL_Driver/Src/stm32f4xx_hal_adc.o
 .text.ADC_DMAConvCplt
                0x0000000008005190       0xba ./Drivers/STM32F4xx_HAL_Driver/Src/stm32f4xx_hal_adc.o
 .text.ADC_DMAHalfConvCplt
                0x000000000800524a       0x1c ./Drivers/STM32F4xx_HAL_Driver/Src/stm32f4xx_hal_adc.o
 .text.ADC_DMAError
                0x0000000008005266       0x2e ./Drivers/STM32F4xx_HAL_Driver/Src/stm32f4xx_hal_adc.o
 .text.__NVIC_SetPriorityGrouping
                0x0000000008005294       0x48 ./Drivers/STM32F4xx_HAL_Driver/Src/stm32f4xx_hal_cortex.o
 .text.__NVIC_GetPriorityGrouping
                0x00000000080052dc       0x1c ./Drivers/STM32F4xx_HAL_Driver/Src/stm32f4xx_hal_cortex.o
 .text.__NVIC_EnableIRQ
                0x00000000080052f8       0x3c ./Drivers/STM32F4xx_HAL_Driver/Src/stm32f4xx_hal_cortex.o
 .text.__NVIC_SetPriority
                0x0000000008005334       0x54 ./Drivers/STM32F4xx_HAL_Driver/Src/stm32f4xx_hal_cortex.o
 .text.NVIC_EncodePriority
                0x0000000008005388       0x66 ./Drivers/STM32F4xx_HAL_Driver/Src/stm32f4xx_hal_cortex.o
 *fill*         0x00000000080053ee        0x2 
 .text.SysTick_Config
                0x00000000080053f0       0x44 ./Drivers/STM32F4xx_HAL_Driver/Src/stm32f4xx_hal_cortex.o
 .text.HAL_NVIC_SetPriorityGrouping
                0x0000000008005434       0x16 ./Drivers/STM32F4xx_HAL_Driver/Src/stm32f4xx_hal_cortex.o
                0x0000000008005434                HAL_NVIC_SetPriorityGrouping
 .text.HAL_NVIC_SetPriority
                0x000000000800544a       0x38 ./Drivers/STM32F4xx_HAL_Driver/Src/stm32f4xx_hal_cortex.o
                0x000000000800544a                HAL_NVIC_SetPriority
 .text.HAL_NVIC_EnableIRQ
                0x0000000008005482       0x1c ./Drivers/STM32F4xx_HAL_Driver/Src/stm32f4xx_hal_cortex.o
                0x0000000008005482                HAL_NVIC_EnableIRQ
 .text.HAL_SYSTICK_Config
                0x000000000800549e       0x18 ./Drivers/STM32F4xx_HAL_Driver/Src/stm32f4xx_hal_cortex.o
                0x000000000800549e                HAL_SYSTICK_Config
 *fill*         0x00000000080054b6        0x2 
 .text.HAL_DMA_Init
                0x00000000080054b8      0x15c ./Drivers/STM32F4xx_HAL_Driver/Src/stm32f4xx_hal_dma.o
                0x00000000080054b8                HAL_DMA_Init
 .text.HAL_DMA_Start_IT
                0x0000000008005614       0xb0 ./Drivers/STM32F4xx_HAL_Driver/Src/stm32f4xx_hal_dma.o
                0x0000000008005614                HAL_DMA_Start_IT
 .text.HAL_DMA_Abort
                0x00000000080056c4       0xe0 ./Drivers/STM32F4xx_HAL_Driver/Src/stm32f4xx_hal_dma.o
                0x00000000080056c4                HAL_DMA_Abort
 .text.HAL_DMA_IRQHandler
                0x00000000080057a4      0x314 ./Drivers/STM32F4xx_HAL_Driver/Src/stm32f4xx_hal_dma.o
                0x00000000080057a4                HAL_DMA_IRQHandler
 .text.DMA_SetConfig
                0x0000000008005ab8       0x5c ./Drivers/STM32F4xx_HAL_Driver/Src/stm32f4xx_hal_dma.o
 .text.DMA_CalcBaseAndBitshift
                0x0000000008005b14       0x6c ./Drivers/STM32F4xx_HAL_Driver/Src/stm32f4xx_hal_dma.o
 .text.DMA_CheckFifoParam
                0x0000000008005b80       0xf8 ./Drivers/STM32F4xx_HAL_Driver/Src/stm32f4xx_hal_dma.o
 .text.HAL_GPIO_Init
                0x0000000008005c78      0x308 ./Drivers/STM32F4xx_HAL_Driver/Src/stm32f4xx_hal_gpio.o
                0x0000000008005c78                HAL_GPIO_Init
 .text.HAL_GPIO_WritePin
                0x0000000008005f80       0x32 ./Drivers/STM32F4xx_HAL_Driver/Src/stm32f4xx_hal_gpio.o
                0x0000000008005f80                HAL_GPIO_WritePin
 *fill*         0x0000000008005fb2        0x2 
 .text.HAL_GPIO_EXTI_IRQHandler
                0x0000000008005fb4       0x30 ./Drivers/STM32F4xx_HAL_Driver/Src/stm32f4xx_hal_gpio.o
                0x0000000008005fb4                HAL_GPIO_EXTI_IRQHandler
 .text.HAL_RCC_OscConfig
                0x0000000008005fe4      0x4f0 ./Drivers/STM32F4xx_HAL_Driver/Src/stm32f4xx_hal_rcc.o
                0x0000000008005fe4                HAL_RCC_OscConfig
 .text.HAL_RCC_ClockConfig
                0x00000000080064d4      0x1cc ./Drivers/STM32F4xx_HAL_Driver/Src/stm32f4xx_hal_rcc.o
                0x00000000080064d4                HAL_RCC_ClockConfig
 .text.HAL_RCC_GetSysClockFreq
                0x00000000080066a0      0x18c ./Drivers/STM32F4xx_HAL_Driver/Src/stm32f4xx_hal_rcc.o
                0x00000000080066a0                HAL_RCC_GetSysClockFreq
 .text.HAL_RCC_GetHCLKFreq
                0x000000000800682c       0x18 ./Drivers/STM32F4xx_HAL_Driver/Src/stm32f4xx_hal_rcc.o
                0x000000000800682c                HAL_RCC_GetHCLKFreq
 .text.HAL_RCC_GetPCLK1Freq
                0x0000000008006844       0x28 ./Drivers/STM32F4xx_HAL_Driver/Src/stm32f4xx_hal_rcc.o
                0x0000000008006844                HAL_RCC_GetPCLK1Freq
 .text.HAL_RCC_GetPCLK2Freq
                0x000000000800686c       0x28 ./Drivers/STM32F4xx_HAL_Driver/Src/stm32f4xx_hal_rcc.o
                0x000000000800686c                HAL_RCC_GetPCLK2Freq
 .text.HAL_SPI_Init
                0x0000000008006894      0x112 ./Drivers/STM32F4xx_HAL_Driver/Src/stm32f4xx_hal_spi.o
                0x0000000008006894                HAL_SPI_Init
 .text.HAL_SPI_Transmit
                0x00000000080069a6      0x278 ./Drivers/STM32F4xx_HAL_Driver/Src/stm32f4xx_hal_spi.o
                0x00000000080069a6                HAL_SPI_Transmit
 *fill*         0x0000000008006c1e        0x2 
 .text.SPI_WaitFlagStateUntilTimeout
                0x0000000008006c20      0x110 ./Drivers/STM32F4xx_HAL_Driver/Src/stm32f4xx_hal_spi.o
 .text.SPI_EndRxTxTransaction
                0x0000000008006d30       0x84 ./Drivers/STM32F4xx_HAL_Driver/Src/stm32f4xx_hal_spi.o
 .text.HAL_TIM_Base_Init
                0x0000000008006db4       0x9e ./Drivers/STM32F4xx_HAL_Driver/Src/stm32f4xx_hal_tim.o
                0x0000000008006db4                HAL_TIM_Base_Init
 *fill*         0x0000000008006e52        0x2 
 .text.HAL_TIM_Base_Start_IT
                0x0000000008006e54       0xc4 ./Drivers/STM32F4xx_HAL_Driver/Src/stm32f4xx_hal_tim.o
                0x0000000008006e54                HAL_TIM_Base_Start_IT
 .text.HAL_TIM_Base_Stop_IT
                0x0000000008006f18       0x5e ./Drivers/STM32F4xx_HAL_Driver/Src/stm32f4xx_hal_tim.o
                0x0000000008006f18                HAL_TIM_Base_Stop_IT
 .text.HAL_TIM_PWM_Init
                0x0000000008006f76       0x9e ./Drivers/STM32F4xx_HAL_Driver/Src/stm32f4xx_hal_tim.o
                0x0000000008006f76                HAL_TIM_PWM_Init
 .text.HAL_TIM_PWM_Start
                0x0000000008007014      0x160 ./Drivers/STM32F4xx_HAL_Driver/Src/stm32f4xx_hal_tim.o
                0x0000000008007014                HAL_TIM_PWM_Start
 .text.HAL_TIM_Encoder_Init
                0x0000000008007174      0x14c ./Drivers/STM32F4xx_HAL_Driver/Src/stm32f4xx_hal_tim.o
                0x0000000008007174                HAL_TIM_Encoder_Init
 .text.HAL_TIM_Encoder_Start
                0x00000000080072c0      0x11c ./Drivers/STM32F4xx_HAL_Driver/Src/stm32f4xx_hal_tim.o
                0x00000000080072c0                HAL_TIM_Encoder_Start
 .text.HAL_TIM_IRQHandler
                0x00000000080073dc      0x210 ./Drivers/STM32F4xx_HAL_Driver/Src/stm32f4xx_hal_tim.o
                0x00000000080073dc                HAL_TIM_IRQHandler
 .text.HAL_TIM_PWM_ConfigChannel
                0x00000000080075ec      0x184 ./Drivers/STM32F4xx_HAL_Driver/Src/stm32f4xx_hal_tim.o
                0x00000000080075ec                HAL_TIM_PWM_ConfigChannel
 .text.HAL_TIM_OC_DelayElapsedCallback
                0x0000000008007770       0x14 ./Drivers/STM32F4xx_HAL_Driver/Src/stm32f4xx_hal_tim.o
                0x0000000008007770                HAL_TIM_OC_DelayElapsedCallback
 .text.HAL_TIM_IC_CaptureCallback
                0x0000000008007784       0x14 ./Drivers/STM32F4xx_HAL_Driver/Src/stm32f4xx_hal_tim.o
                0x0000000008007784                HAL_TIM_IC_CaptureCallback
 .text.HAL_TIM_PWM_PulseFinishedCallback
                0x0000000008007798       0x14 ./Drivers/STM32F4xx_HAL_Driver/Src/stm32f4xx_hal_tim.o
                0x0000000008007798                HAL_TIM_PWM_PulseFinishedCallback
 .text.HAL_TIM_TriggerCallback
                0x00000000080077ac       0x14 ./Drivers/STM32F4xx_HAL_Driver/Src/stm32f4xx_hal_tim.o
                0x00000000080077ac                HAL_TIM_TriggerCallback
 .text.TIM_Base_SetConfig
                0x00000000080077c0      0x100 ./Drivers/STM32F4xx_HAL_Driver/Src/stm32f4xx_hal_tim.o
                0x00000000080077c0                TIM_Base_SetConfig
 .text.TIM_OC1_SetConfig
                0x00000000080078c0       0xcc ./Drivers/STM32F4xx_HAL_Driver/Src/stm32f4xx_hal_tim.o
 .text.TIM_OC2_SetConfig
                0x000000000800798c       0xd8 ./Drivers/STM32F4xx_HAL_Driver/Src/stm32f4xx_hal_tim.o
                0x000000000800798c                TIM_OC2_SetConfig
 .text.TIM_OC3_SetConfig
                0x0000000008007a64       0xd4 ./Drivers/STM32F4xx_HAL_Driver/Src/stm32f4xx_hal_tim.o
 .text.TIM_OC4_SetConfig
                0x0000000008007b38       0xa0 ./Drivers/STM32F4xx_HAL_Driver/Src/stm32f4xx_hal_tim.o
 .text.TIM_CCxChannelCmd
                0x0000000008007bd8       0x4a ./Drivers/STM32F4xx_HAL_Driver/Src/stm32f4xx_hal_tim.o
                0x0000000008007bd8                TIM_CCxChannelCmd
 *fill*         0x0000000008007c22        0x2 
 .text.HAL_TIMEx_MasterConfigSynchronization
                0x0000000008007c24       0xdc ./Drivers/STM32F4xx_HAL_Driver/Src/stm32f4xx_hal_tim_ex.o
                0x0000000008007c24                HAL_TIMEx_MasterConfigSynchronization
 .text.HAL_TIMEx_ConfigBreakDeadTime
                0x0000000008007d00       0xa4 ./Drivers/STM32F4xx_HAL_Driver/Src/stm32f4xx_hal_tim_ex.o
                0x0000000008007d00                HAL_TIMEx_ConfigBreakDeadTime
 .text.HAL_TIMEx_CommutCallback
                0x0000000008007da4       0x14 ./Drivers/STM32F4xx_HAL_Driver/Src/stm32f4xx_hal_tim_ex.o
                0x0000000008007da4                HAL_TIMEx_CommutCallback
 .text.HAL_TIMEx_BreakCallback
                0x0000000008007db8       0x14 ./Drivers/STM32F4xx_HAL_Driver/Src/stm32f4xx_hal_tim_ex.o
                0x0000000008007db8                HAL_TIMEx_BreakCallback
 .text.__cvt    0x0000000008007dcc       0xc4 /home/zh/.st/stm32cubeide_1.13.2/plugins/com.st.stm32cube.ide.mcu.externaltools.gnu-tools-for-stm32.11.3.rel1.linux64_1.1.1.202309131626/tools/bin/../lib/gcc/arm-none-eabi/11.3.1/../../../../arm-none-eabi/lib/thumb/v7e-m+fp/hard/libc_nano.a(libc_a-nano-vfprintf_float.o)
                0x0000000008007dcc                __cvt
 .text.__exponent
                0x0000000008007e90       0x7c /home/zh/.st/stm32cubeide_1.13.2/plugins/com.st.stm32cube.ide.mcu.externaltools.gnu-tools-for-stm32.11.3.rel1.linux64_1.1.1.202309131626/tools/bin/../lib/gcc/arm-none-eabi/11.3.1/../../../../arm-none-eabi/lib/thumb/v7e-m+fp/hard/libc_nano.a(libc_a-nano-vfprintf_float.o)
                0x0000000008007e90                __exponent
 .text._printf_float
                0x0000000008007f0c      0x46c /home/zh/.st/stm32cubeide_1.13.2/plugins/com.st.stm32cube.ide.mcu.externaltools.gnu-tools-for-stm32.11.3.rel1.linux64_1.1.1.202309131626/tools/bin/../lib/gcc/arm-none-eabi/11.3.1/../../../../arm-none-eabi/lib/thumb/v7e-m+fp/hard/libc_nano.a(libc_a-nano-vfprintf_float.o)
                0x0000000008007f0c                _printf_float
 .text._printf_common
                0x0000000008008378       0xda /home/zh/.st/stm32cubeide_1.13.2/plugins/com.st.stm32cube.ide.mcu.externaltools.gnu-tools-for-stm32.11.3.rel1.linux64_1.1.1.202309131626/tools/bin/../lib/gcc/arm-none-eabi/11.3.1/../../../../arm-none-eabi/lib/thumb/v7e-m+fp/hard/libc_nano.a(libc_a-nano-vfprintf_i.o)
                0x0000000008008378                _printf_common
 *fill*         0x0000000008008452        0x2 
 .text._printf_i
                0x0000000008008454      0x244 /home/zh/.st/stm32cubeide_1.13.2/plugins/com.st.stm32cube.ide.mcu.externaltools.gnu-tools-for-stm32.11.3.rel1.linux64_1.1.1.202309131626/tools/bin/../lib/gcc/arm-none-eabi/11.3.1/../../../../arm-none-eabi/lib/thumb/v7e-m+fp/hard/libc_nano.a(libc_a-nano-vfprintf_i.o)
                0x0000000008008454                _printf_i
 .text.std      0x0000000008008698       0x6c /home/zh/.st/stm32cubeide_1.13.2/plugins/com.st.stm32cube.ide.mcu.externaltools.gnu-tools-for-stm32.11.3.rel1.linux64_1.1.1.202309131626/tools/bin/../lib/gcc/arm-none-eabi/11.3.1/../../../../arm-none-eabi/lib/thumb/v7e-m+fp/hard/libc_nano.a(libc_a-findfp.o)
 .text.stdio_exit_handler
                0x0000000008008704       0x18 /home/zh/.st/stm32cubeide_1.13.2/plugins/com.st.stm32cube.ide.mcu.externaltools.gnu-tools-for-stm32.11.3.rel1.linux64_1.1.1.202309131626/tools/bin/../lib/gcc/arm-none-eabi/11.3.1/../../../../arm-none-eabi/lib/thumb/v7e-m+fp/hard/libc_nano.a(libc_a-findfp.o)
 .text.cleanup_stdio
                0x000000000800871c       0x40 /home/zh/.st/stm32cubeide_1.13.2/plugins/com.st.stm32cube.ide.mcu.externaltools.gnu-tools-for-stm32.11.3.rel1.linux64_1.1.1.202309131626/tools/bin/../lib/gcc/arm-none-eabi/11.3.1/../../../../arm-none-eabi/lib/thumb/v7e-m+fp/hard/libc_nano.a(libc_a-findfp.o)
 .text.global_stdio_init.part.0
                0x000000000800875c       0x3c /home/zh/.st/stm32cubeide_1.13.2/plugins/com.st.stm32cube.ide.mcu.externaltools.gnu-tools-for-stm32.11.3.rel1.linux64_1.1.1.202309131626/tools/bin/../lib/gcc/arm-none-eabi/11.3.1/../../../../arm-none-eabi/lib/thumb/v7e-m+fp/hard/libc_nano.a(libc_a-findfp.o)
 .text.__sfp_lock_acquire
                0x0000000008008798        0xc /home/zh/.st/stm32cubeide_1.13.2/plugins/com.st.stm32cube.ide.mcu.externaltools.gnu-tools-for-stm32.11.3.rel1.linux64_1.1.1.202309131626/tools/bin/../lib/gcc/arm-none-eabi/11.3.1/../../../../arm-none-eabi/lib/thumb/v7e-m+fp/hard/libc_nano.a(libc_a-findfp.o)
                0x0000000008008798                __sfp_lock_acquire
 .text.__sfp_lock_release
                0x00000000080087a4        0xc /home/zh/.st/stm32cubeide_1.13.2/plugins/com.st.stm32cube.ide.mcu.externaltools.gnu-tools-for-stm32.11.3.rel1.linux64_1.1.1.202309131626/tools/bin/../lib/gcc/arm-none-eabi/11.3.1/../../../../arm-none-eabi/lib/thumb/v7e-m+fp/hard/libc_nano.a(libc_a-findfp.o)
                0x00000000080087a4                __sfp_lock_release
 .text.__sinit  0x00000000080087b0       0x30 /home/zh/.st/stm32cubeide_1.13.2/plugins/com.st.stm32cube.ide.mcu.externaltools.gnu-tools-for-stm32.11.3.rel1.linux64_1.1.1.202309131626/tools/bin/../lib/gcc/arm-none-eabi/11.3.1/../../../../arm-none-eabi/lib/thumb/v7e-m+fp/hard/libc_nano.a(libc_a-findfp.o)
                0x00000000080087b0                __sinit
 .text._fwalk_sglue
                0x00000000080087e0       0x3c /home/zh/.st/stm32cubeide_1.13.2/plugins/com.st.stm32cube.ide.mcu.externaltools.gnu-tools-for-stm32.11.3.rel1.linux64_1.1.1.202309131626/tools/bin/../lib/gcc/arm-none-eabi/11.3.1/../../../../arm-none-eabi/lib/thumb/v7e-m+fp/hard/libc_nano.a(libc_a-fwalk.o)
                0x00000000080087e0                _fwalk_sglue
 .text.snprintf
                0x000000000800881c       0x68 /home/zh/.st/stm32cubeide_1.13.2/plugins/com.st.stm32cube.ide.mcu.externaltools.gnu-tools-for-stm32.11.3.rel1.linux64_1.1.1.202309131626/tools/bin/../lib/gcc/arm-none-eabi/11.3.1/../../../../arm-none-eabi/lib/thumb/v7e-m+fp/hard/libc_nano.a(libc_a-snprintf.o)
                0x000000000800881c                snprintf
                0x000000000800881c                sniprintf
 .text.__sread  0x0000000008008884       0x22 /home/zh/.st/stm32cubeide_1.13.2/plugins/com.st.stm32cube.ide.mcu.externaltools.gnu-tools-for-stm32.11.3.rel1.linux64_1.1.1.202309131626/tools/bin/../lib/gcc/arm-none-eabi/11.3.1/../../../../arm-none-eabi/lib/thumb/v7e-m+fp/hard/libc_nano.a(libc_a-stdio.o)
                0x0000000008008884                __sread
 .text.__swrite
                0x00000000080088a6       0x38 /home/zh/.st/stm32cubeide_1.13.2/plugins/com.st.stm32cube.ide.mcu.externaltools.gnu-tools-for-stm32.11.3.rel1.linux64_1.1.1.202309131626/tools/bin/../lib/gcc/arm-none-eabi/11.3.1/../../../../arm-none-eabi/lib/thumb/v7e-m+fp/hard/libc_nano.a(libc_a-stdio.o)
                0x00000000080088a6                __swrite
 .text.__sseek  0x00000000080088de       0x24 /home/zh/.st/stm32cubeide_1.13.2/plugins/com.st.stm32cube.ide.mcu.externaltools.gnu-tools-for-stm32.11.3.rel1.linux64_1.1.1.202309131626/tools/bin/../lib/gcc/arm-none-eabi/11.3.1/../../../../arm-none-eabi/lib/thumb/v7e-m+fp/hard/libc_nano.a(libc_a-stdio.o)
                0x00000000080088de                __sseek
 .text.__sclose
                0x0000000008008902        0x8 /home/zh/.st/stm32cubeide_1.13.2/plugins/com.st.stm32cube.ide.mcu.externaltools.gnu-tools-for-stm32.11.3.rel1.linux64_1.1.1.202309131626/tools/bin/../lib/gcc/arm-none-eabi/11.3.1/../../../../arm-none-eabi/lib/thumb/v7e-m+fp/hard/libc_nano.a(libc_a-stdio.o)
                0x0000000008008902                __sclose
 .text.memset   0x000000000800890a       0x10 /home/zh/.st/stm32cubeide_1.13.2/plugins/com.st.stm32cube.ide.mcu.externaltools.gnu-tools-for-stm32.11.3.rel1.linux64_1.1.1.202309131626/tools/bin/../lib/gcc/arm-none-eabi/11.3.1/../../../../arm-none-eabi/lib/thumb/v7e-m+fp/hard/libc_nano.a(libc_a-memset.o)
                0x000000000800890a                memset
 *fill*         0x000000000800891a        0x2 
 .text._localeconv_r
                0x000000000800891c        0x8 /home/zh/.st/stm32cubeide_1.13.2/plugins/com.st.stm32cube.ide.mcu.externaltools.gnu-tools-for-stm32.11.3.rel1.linux64_1.1.1.202309131626/tools/bin/../lib/gcc/arm-none-eabi/11.3.1/../../../../arm-none-eabi/lib/thumb/v7e-m+fp/hard/libc_nano.a(libc_a-localeconv.o)
                0x000000000800891c                _localeconv_r
 .text._close_r
                0x0000000008008924       0x20 /home/zh/.st/stm32cubeide_1.13.2/plugins/com.st.stm32cube.ide.mcu.externaltools.gnu-tools-for-stm32.11.3.rel1.linux64_1.1.1.202309131626/tools/bin/../lib/gcc/arm-none-eabi/11.3.1/../../../../arm-none-eabi/lib/thumb/v7e-m+fp/hard/libc_nano.a(libc_a-closer.o)
                0x0000000008008924                _close_r
 .text._lseek_r
                0x0000000008008944       0x24 /home/zh/.st/stm32cubeide_1.13.2/plugins/com.st.stm32cube.ide.mcu.externaltools.gnu-tools-for-stm32.11.3.rel1.linux64_1.1.1.202309131626/tools/bin/../lib/gcc/arm-none-eabi/11.3.1/../../../../arm-none-eabi/lib/thumb/v7e-m+fp/hard/libc_nano.a(libc_a-lseekr.o)
                0x0000000008008944                _lseek_r
 .text._read_r  0x0000000008008968       0x24 /home/zh/.st/stm32cubeide_1.13.2/plugins/com.st.stm32cube.ide.mcu.externaltools.gnu-tools-for-stm32.11.3.rel1.linux64_1.1.1.202309131626/tools/bin/../lib/gcc/arm-none-eabi/11.3.1/../../../../arm-none-eabi/lib/thumb/v7e-m+fp/hard/libc_nano.a(libc_a-readr.o)
                0x0000000008008968                _read_r
 .text._write_r
                0x000000000800898c       0x24 /home/zh/.st/stm32cubeide_1.13.2/plugins/com.st.stm32cube.ide.mcu.externaltools.gnu-tools-for-stm32.11.3.rel1.linux64_1.1.1.202309131626/tools/bin/../lib/gcc/arm-none-eabi/11.3.1/../../../../arm-none-eabi/lib/thumb/v7e-m+fp/hard/libc_nano.a(libc_a-writer.o)
                0x000000000800898c                _write_r
 .text.__errno  0x00000000080089b0        0xc /home/zh/.st/stm32cubeide_1.13.2/plugins/com.st.stm32cube.ide.mcu.externaltools.gnu-tools-for-stm32.11.3.rel1.linux64_1.1.1.202309131626/tools/bin/../lib/gcc/arm-none-eabi/11.3.1/../../../../arm-none-eabi/lib/thumb/v7e-m+fp/hard/libc_nano.a(libc_a-errno.o)
                0x00000000080089b0                __errno
 .text.__libc_init_array
                0x00000000080089bc       0x48 /home/zh/.st/stm32cubeide_1.13.2/plugins/com.st.stm32cube.ide.mcu.externaltools.gnu-tools-for-stm32.11.3.rel1.linux64_1.1.1.202309131626/tools/bin/../lib/gcc/arm-none-eabi/11.3.1/../../../../arm-none-eabi/lib/thumb/v7e-m+fp/hard/libc_nano.a(libc_a-init.o)
                0x00000000080089bc                __libc_init_array
 .text.__retarget_lock_init_recursive
                0x0000000008008a04        0x2 /home/zh/.st/stm32cubeide_1.13.2/plugins/com.st.stm32cube.ide.mcu.externaltools.gnu-tools-for-stm32.11.3.rel1.linux64_1.1.1.202309131626/tools/bin/../lib/gcc/arm-none-eabi/11.3.1/../../../../arm-none-eabi/lib/thumb/v7e-m+fp/hard/libc_nano.a(libc_a-lock.o)
                0x0000000008008a04                __retarget_lock_init_recursive
 .text.__retarget_lock_acquire_recursive
                0x0000000008008a06        0x2 /home/zh/.st/stm32cubeide_1.13.2/plugins/com.st.stm32cube.ide.mcu.externaltools.gnu-tools-for-stm32.11.3.rel1.linux64_1.1.1.202309131626/tools/bin/../lib/gcc/arm-none-eabi/11.3.1/../../../../arm-none-eabi/lib/thumb/v7e-m+fp/hard/libc_nano.a(libc_a-lock.o)
                0x0000000008008a06                __retarget_lock_acquire_recursive
 .text.__retarget_lock_release_recursive
                0x0000000008008a08        0x2 /home/zh/.st/stm32cubeide_1.13.2/plugins/com.st.stm32cube.ide.mcu.externaltools.gnu-tools-for-stm32.11.3.rel1.linux64_1.1.1.202309131626/tools/bin/../lib/gcc/arm-none-eabi/11.3.1/../../../../arm-none-eabi/lib/thumb/v7e-m+fp/hard/libc_nano.a(libc_a-lock.o)
                0x0000000008008a08                __retarget_lock_release_recursive
 .text.memcpy   0x0000000008008a0a       0x1c /home/zh/.st/stm32cubeide_1.13.2/plugins/com.st.stm32cube.ide.mcu.externaltools.gnu-tools-for-stm32.11.3.rel1.linux64_1.1.1.202309131626/tools/bin/../lib/gcc/arm-none-eabi/11.3.1/../../../../arm-none-eabi/lib/thumb/v7e-m+fp/hard/libc_nano.a(libc_a-memcpy-stub.o)
                0x0000000008008a0a                memcpy
 .text.quorem   0x0000000008008a26      0x110 /home/zh/.st/stm32cubeide_1.13.2/plugins/com.st.stm32cube.ide.mcu.externaltools.gnu-tools-for-stm32.11.3.rel1.linux64_1.1.1.202309131626/tools/bin/../lib/gcc/arm-none-eabi/11.3.1/../../../../arm-none-eabi/lib/thumb/v7e-m+fp/hard/libc_nano.a(libc_a-dtoa.o)
 *fill*         0x0000000008008b36        0x2 
 .text._dtoa_r  0x0000000008008b38      0xbe4 /home/zh/.st/stm32cubeide_1.13.2/plugins/com.st.stm32cube.ide.mcu.externaltools.gnu-tools-for-stm32.11.3.rel1.linux64_1.1.1.202309131626/tools/bin/../lib/gcc/arm-none-eabi/11.3.1/../../../../arm-none-eabi/lib/thumb/v7e-m+fp/hard/libc_nano.a(libc_a-dtoa.o)
                0x0000000008008b38                _dtoa_r
 .text._free_r  0x000000000800971c       0x98 /home/zh/.st/stm32cubeide_1.13.2/plugins/com.st.stm32cube.ide.mcu.externaltools.gnu-tools-for-stm32.11.3.rel1.linux64_1.1.1.202309131626/tools/bin/../lib/gcc/arm-none-eabi/11.3.1/../../../../arm-none-eabi/lib/thumb/v7e-m+fp/hard/libc_nano.a(libc_a-freer.o)
                0x000000000800971c                _free_r
 .text.malloc   0x00000000080097b4       0x10 /home/zh/.st/stm32cubeide_1.13.2/plugins/com.st.stm32cube.ide.mcu.externaltools.gnu-tools-for-stm32.11.3.rel1.linux64_1.1.1.202309131626/tools/bin/../lib/gcc/arm-none-eabi/11.3.1/../../../../arm-none-eabi/lib/thumb/v7e-m+fp/hard/libc_nano.a(libc_a-malloc.o)
                0x00000000080097b4                malloc
 .text.sbrk_aligned
                0x00000000080097c4       0x40 /home/zh/.st/stm32cubeide_1.13.2/plugins/com.st.stm32cube.ide.mcu.externaltools.gnu-tools-for-stm32.11.3.rel1.linux64_1.1.1.202309131626/tools/bin/../lib/gcc/arm-none-eabi/11.3.1/../../../../arm-none-eabi/lib/thumb/v7e-m+fp/hard/libc_nano.a(libc_a-mallocr.o)
 .text._malloc_r
                0x0000000008009804      0x100 /home/zh/.st/stm32cubeide_1.13.2/plugins/com.st.stm32cube.ide.mcu.externaltools.gnu-tools-for-stm32.11.3.rel1.linux64_1.1.1.202309131626/tools/bin/../lib/gcc/arm-none-eabi/11.3.1/../../../../arm-none-eabi/lib/thumb/v7e-m+fp/hard/libc_nano.a(libc_a-mallocr.o)
                0x0000000008009804                _malloc_r
 .text.__malloc_lock
                0x0000000008009904        0xc /home/zh/.st/stm32cubeide_1.13.2/plugins/com.st.stm32cube.ide.mcu.externaltools.gnu-tools-for-stm32.11.3.rel1.linux64_1.1.1.202309131626/tools/bin/../lib/gcc/arm-none-eabi/11.3.1/../../../../arm-none-eabi/lib/thumb/v7e-m+fp/hard/libc_nano.a(libc_a-mlock.o)
                0x0000000008009904                __malloc_lock
 .text.__malloc_unlock
                0x0000000008009910        0xc /home/zh/.st/stm32cubeide_1.13.2/plugins/com.st.stm32cube.ide.mcu.externaltools.gnu-tools-for-stm32.11.3.rel1.linux64_1.1.1.202309131626/tools/bin/../lib/gcc/arm-none-eabi/11.3.1/../../../../arm-none-eabi/lib/thumb/v7e-m+fp/hard/libc_nano.a(libc_a-mlock.o)
                0x0000000008009910                __malloc_unlock
 .text._Balloc  0x000000000800991c       0x80 /home/zh/.st/stm32cubeide_1.13.2/plugins/com.st.stm32cube.ide.mcu.externaltools.gnu-tools-for-stm32.11.3.rel1.linux64_1.1.1.202309131626/tools/bin/../lib/gcc/arm-none-eabi/11.3.1/../../../../arm-none-eabi/lib/thumb/v7e-m+fp/hard/libc_nano.a(libc_a-mprec.o)
                0x000000000800991c                _Balloc
 .text._Bfree   0x000000000800999c       0x44 /home/zh/.st/stm32cubeide_1.13.2/plugins/com.st.stm32cube.ide.mcu.externaltools.gnu-tools-for-stm32.11.3.rel1.linux64_1.1.1.202309131626/tools/bin/../lib/gcc/arm-none-eabi/11.3.1/../../../../arm-none-eabi/lib/thumb/v7e-m+fp/hard/libc_nano.a(libc_a-mprec.o)
                0x000000000800999c                _Bfree
 .text.__multadd
                0x00000000080099e0       0x8c /home/zh/.st/stm32cubeide_1.13.2/plugins/com.st.stm32cube.ide.mcu.externaltools.gnu-tools-for-stm32.11.3.rel1.linux64_1.1.1.202309131626/tools/bin/../lib/gcc/arm-none-eabi/11.3.1/../../../../arm-none-eabi/lib/thumb/v7e-m+fp/hard/libc_nano.a(libc_a-mprec.o)
                0x00000000080099e0                __multadd
 .text.__hi0bits
                0x0000000008009a6c       0x40 /home/zh/.st/stm32cubeide_1.13.2/plugins/com.st.stm32cube.ide.mcu.externaltools.gnu-tools-for-stm32.11.3.rel1.linux64_1.1.1.202309131626/tools/bin/../lib/gcc/arm-none-eabi/11.3.1/../../../../arm-none-eabi/lib/thumb/v7e-m+fp/hard/libc_nano.a(libc_a-mprec.o)
                0x0000000008009a6c                __hi0bits
 .text.__lo0bits
                0x0000000008009aac       0x5a /home/zh/.st/stm32cubeide_1.13.2/plugins/com.st.stm32cube.ide.mcu.externaltools.gnu-tools-for-stm32.11.3.rel1.linux64_1.1.1.202309131626/tools/bin/../lib/gcc/arm-none-eabi/11.3.1/../../../../arm-none-eabi/lib/thumb/v7e-m+fp/hard/libc_nano.a(libc_a-mprec.o)
                0x0000000008009aac                __lo0bits
 *fill*         0x0000000008009b06        0x2 
 .text.__i2b    0x0000000008009b08       0x2c /home/zh/.st/stm32cubeide_1.13.2/plugins/com.st.stm32cube.ide.mcu.externaltools.gnu-tools-for-stm32.11.3.rel1.linux64_1.1.1.202309131626/tools/bin/../lib/gcc/arm-none-eabi/11.3.1/../../../../arm-none-eabi/lib/thumb/v7e-m+fp/hard/libc_nano.a(libc_a-mprec.o)
                0x0000000008009b08                __i2b
 .text.__multiply
                0x0000000008009b34      0x154 /home/zh/.st/stm32cubeide_1.13.2/plugins/com.st.stm32cube.ide.mcu.externaltools.gnu-tools-for-stm32.11.3.rel1.linux64_1.1.1.202309131626/tools/bin/../lib/gcc/arm-none-eabi/11.3.1/../../../../arm-none-eabi/lib/thumb/v7e-m+fp/hard/libc_nano.a(libc_a-mprec.o)
                0x0000000008009b34                __multiply
 .text.__pow5mult
                0x0000000008009c88       0xb4 /home/zh/.st/stm32cubeide_1.13.2/plugins/com.st.stm32cube.ide.mcu.externaltools.gnu-tools-for-stm32.11.3.rel1.linux64_1.1.1.202309131626/tools/bin/../lib/gcc/arm-none-eabi/11.3.1/../../../../arm-none-eabi/lib/thumb/v7e-m+fp/hard/libc_nano.a(libc_a-mprec.o)
                0x0000000008009c88                __pow5mult
 .text.__lshift
                0x0000000008009d3c       0xd8 /home/zh/.st/stm32cubeide_1.13.2/plugins/com.st.stm32cube.ide.mcu.externaltools.gnu-tools-for-stm32.11.3.rel1.linux64_1.1.1.202309131626/tools/bin/../lib/gcc/arm-none-eabi/11.3.1/../../../../arm-none-eabi/lib/thumb/v7e-m+fp/hard/libc_nano.a(libc_a-mprec.o)
                0x0000000008009d3c                __lshift
 .text.__mcmp   0x0000000008009e14       0x38 /home/zh/.st/stm32cubeide_1.13.2/plugins/com.st.stm32cube.ide.mcu.externaltools.gnu-tools-for-stm32.11.3.rel1.linux64_1.1.1.202309131626/tools/bin/../lib/gcc/arm-none-eabi/11.3.1/../../../../arm-none-eabi/lib/thumb/v7e-m+fp/hard/libc_nano.a(libc_a-mprec.o)
                0x0000000008009e14                __mcmp
 .text.__mdiff  0x0000000008009e4c      0x114 /home/zh/.st/stm32cubeide_1.13.2/plugins/com.st.stm32cube.ide.mcu.externaltools.gnu-tools-for-stm32.11.3.rel1.linux64_1.1.1.202309131626/tools/bin/../lib/gcc/arm-none-eabi/11.3.1/../../../../arm-none-eabi/lib/thumb/v7e-m+fp/hard/libc_nano.a(libc_a-mprec.o)
                0x0000000008009e4c                __mdiff
 .text.__d2b    0x0000000008009f60       0xb4 /home/zh/.st/stm32cubeide_1.13.2/plugins/com.st.stm32cube.ide.mcu.externaltools.gnu-tools-for-stm32.11.3.rel1.linux64_1.1.1.202309131626/tools/bin/../lib/gcc/arm-none-eabi/11.3.1/../../../../arm-none-eabi/lib/thumb/v7e-m+fp/hard/libc_nano.a(libc_a-mprec.o)
                0x0000000008009f60                __d2b
 .text.__ssputs_r
                0x000000000800a014       0xb4 /home/zh/.st/stm32cubeide_1.13.2/plugins/com.st.stm32cube.ide.mcu.externaltools.gnu-tools-for-stm32.11.3.rel1.linux64_1.1.1.202309131626/tools/bin/../lib/gcc/arm-none-eabi/11.3.1/../../../../arm-none-eabi/lib/thumb/v7e-m+fp/hard/libc_nano.a(libc_a-nano-svfprintf.o)
                0x000000000800a014                __ssputs_r
 .text._svfprintf_r
                0x000000000800a0c8      0x1fc /home/zh/.st/stm32cubeide_1.13.2/plugins/com.st.stm32cube.ide.mcu.externaltools.gnu-tools-for-stm32.11.3.rel1.linux64_1.1.1.202309131626/tools/bin/../lib/gcc/arm-none-eabi/11.3.1/../../../../arm-none-eabi/lib/thumb/v7e-m+fp/hard/libc_nano.a(libc_a-nano-svfprintf.o)
                0x000000000800a0c8                _svfprintf_r
                0x000000000800a0c8                _svfiprintf_r
 .text.__sflush_r
                0x000000000800a2c4      0x10c /home/zh/.st/stm32cubeide_1.13.2/plugins/com.st.stm32cube.ide.mcu.externaltools.gnu-tools-for-stm32.11.3.rel1.linux64_1.1.1.202309131626/tools/bin/../lib/gcc/arm-none-eabi/11.3.1/../../../../arm-none-eabi/lib/thumb/v7e-m+fp/hard/libc_nano.a(libc_a-fflush.o)
                0x000000000800a2c4                __sflush_r
 .text._fflush_r
                0x000000000800a3d0       0x50 /home/zh/.st/stm32cubeide_1.13.2/plugins/com.st.stm32cube.ide.mcu.externaltools.gnu-tools-for-stm32.11.3.rel1.linux64_1.1.1.202309131626/tools/bin/../lib/gcc/arm-none-eabi/11.3.1/../../../../arm-none-eabi/lib/thumb/v7e-m+fp/hard/libc_nano.a(libc_a-fflush.o)
                0x000000000800a3d0                _fflush_r
 .text.memmove  0x000000000800a420       0x34 /home/zh/.st/stm32cubeide_1.13.2/plugins/com.st.stm32cube.ide.mcu.externaltools.gnu-tools-for-stm32.11.3.rel1.linux64_1.1.1.202309131626/tools/bin/../lib/gcc/arm-none-eabi/11.3.1/../../../../arm-none-eabi/lib/thumb/v7e-m+fp/hard/libc_nano.a(libc_a-memmove.o)
                0x000000000800a420                memmove
 .text._sbrk_r  0x000000000800a454       0x20 /home/zh/.st/stm32cubeide_1.13.2/plugins/com.st.stm32cube.ide.mcu.externaltools.gnu-tools-for-stm32.11.3.rel1.linux64_1.1.1.202309131626/tools/bin/../lib/gcc/arm-none-eabi/11.3.1/../../../../arm-none-eabi/lib/thumb/v7e-m+fp/hard/libc_nano.a(libc_a-sbrkr.o)
                0x000000000800a454                _sbrk_r
 .text.__assert_func
                0x000000000800a474       0x3c /home/zh/.st/stm32cubeide_1.13.2/plugins/com.st.stm32cube.ide.mcu.externaltools.gnu-tools-for-stm32.11.3.rel1.linux64_1.1.1.202309131626/tools/bin/../lib/gcc/arm-none-eabi/11.3.1/../../../../arm-none-eabi/lib/thumb/v7e-m+fp/hard/libc_nano.a(libc_a-assert.o)
                0x000000000800a474                __assert_func
 .text._calloc_r
                0x000000000800a4b0       0x2c /home/zh/.st/stm32cubeide_1.13.2/plugins/com.st.stm32cube.ide.mcu.externaltools.gnu-tools-for-stm32.11.3.rel1.linux64_1.1.1.202309131626/tools/bin/../lib/gcc/arm-none-eabi/11.3.1/../../../../arm-none-eabi/lib/thumb/v7e-m+fp/hard/libc_nano.a(libc_a-callocr.o)
                0x000000000800a4b0                _calloc_r
 .text.__ascii_mbtowc
                0x000000000800a4dc       0x24 /home/zh/.st/stm32cubeide_1.13.2/plugins/com.st.stm32cube.ide.mcu.externaltools.gnu-tools-for-stm32.11.3.rel1.linux64_1.1.1.202309131626/tools/bin/../lib/gcc/arm-none-eabi/11.3.1/../../../../arm-none-eabi/lib/thumb/v7e-m+fp/hard/libc_nano.a(libc_a-mbtowc_r.o)
                0x000000000800a4dc                __ascii_mbtowc
 .text._realloc_r
                0x000000000800a500       0x5e /home/zh/.st/stm32cubeide_1.13.2/plugins/com.st.stm32cube.ide.mcu.externaltools.gnu-tools-for-stm32.11.3.rel1.linux64_1.1.1.202309131626/tools/bin/../lib/gcc/arm-none-eabi/11.3.1/../../../../arm-none-eabi/lib/thumb/v7e-m+fp/hard/libc_nano.a(libc_a-reallocr.o)
                0x000000000800a500                _realloc_r
 .text.__ascii_wctomb
                0x000000000800a55e       0x1a /home/zh/.st/stm32cubeide_1.13.2/plugins/com.st.stm32cube.ide.mcu.externaltools.gnu-tools-for-stm32.11.3.rel1.linux64_1.1.1.202309131626/tools/bin/../lib/gcc/arm-none-eabi/11.3.1/../../../../arm-none-eabi/lib/thumb/v7e-m+fp/hard/libc_nano.a(libc_a-wctomb_r.o)
                0x000000000800a55e                __ascii_wctomb
 .text.fprintf  0x000000000800a578       0x24 /home/zh/.st/stm32cubeide_1.13.2/plugins/com.st.stm32cube.ide.mcu.externaltools.gnu-tools-for-stm32.11.3.rel1.linux64_1.1.1.202309131626/tools/bin/../lib/gcc/arm-none-eabi/11.3.1/../../../../arm-none-eabi/lib/thumb/v7e-m+fp/hard/libc_nano.a(libc_a-fprintf.o)
                0x000000000800a578                fprintf
                0x000000000800a578                fiprintf
 .text.abort    0x000000000800a59c        0xe /home/zh/.st/stm32cubeide_1.13.2/plugins/com.st.stm32cube.ide.mcu.externaltools.gnu-tools-for-stm32.11.3.rel1.linux64_1.1.1.202309131626/tools/bin/../lib/gcc/arm-none-eabi/11.3.1/../../../../arm-none-eabi/lib/thumb/v7e-m+fp/hard/libc_nano.a(libc_a-abort.o)
                0x000000000800a59c                abort
 .text._malloc_usable_size_r
                0x000000000800a5aa       0x10 /home/zh/.st/stm32cubeide_1.13.2/plugins/com.st.stm32cube.ide.mcu.externaltools.gnu-tools-for-stm32.11.3.rel1.linux64_1.1.1.202309131626/tools/bin/../lib/gcc/arm-none-eabi/11.3.1/../../../../arm-none-eabi/lib/thumb/v7e-m+fp/hard/libc_nano.a(libc_a-msizer.o)
                0x000000000800a5aa                _malloc_usable_size_r
 .text.__sfputc_r
                0x000000000800a5ba       0x2e /home/zh/.st/stm32cubeide_1.13.2/plugins/com.st.stm32cube.ide.mcu.externaltools.gnu-tools-for-stm32.11.3.rel1.linux64_1.1.1.202309131626/tools/bin/../lib/gcc/arm-none-eabi/11.3.1/../../../../arm-none-eabi/lib/thumb/v7e-m+fp/hard/libc_nano.a(libc_a-nano-vfprintf.o)
 .text.__sfputs_r
                0x000000000800a5e8       0x24 /home/zh/.st/stm32cubeide_1.13.2/plugins/com.st.stm32cube.ide.mcu.externaltools.gnu-tools-for-stm32.11.3.rel1.linux64_1.1.1.202309131626/tools/bin/../lib/gcc/arm-none-eabi/11.3.1/../../../../arm-none-eabi/lib/thumb/v7e-m+fp/hard/libc_nano.a(libc_a-nano-vfprintf.o)
                0x000000000800a5e8                __sfputs_r
 .text._vfprintf_r
                0x000000000800a60c      0x234 /home/zh/.st/stm32cubeide_1.13.2/plugins/com.st.stm32cube.ide.mcu.externaltools.gnu-tools-for-stm32.11.3.rel1.linux64_1.1.1.202309131626/tools/bin/../lib/gcc/arm-none-eabi/11.3.1/../../../../arm-none-eabi/lib/thumb/v7e-m+fp/hard/libc_nano.a(libc_a-nano-vfprintf.o)
                0x000000000800a60c                _vfiprintf_r
                0x000000000800a60c                _vfprintf_r
 .text.__swbuf_r
                0x000000000800a840       0x7a /home/zh/.st/stm32cubeide_1.13.2/plugins/com.st.stm32cube.ide.mcu.externaltools.gnu-tools-for-stm32.11.3.rel1.linux64_1.1.1.202309131626/tools/bin/../lib/gcc/arm-none-eabi/11.3.1/../../../../arm-none-eabi/lib/thumb/v7e-m+fp/hard/libc_nano.a(libc_a-wbuf.o)
                0x000000000800a840                __swbuf_r
 *fill*         0x000000000800a8ba        0x2 
 .text.__swsetup_r
                0x000000000800a8bc       0xb0 /home/zh/.st/stm32cubeide_1.13.2/plugins/com.st.stm32cube.ide.mcu.externaltools.gnu-tools-for-stm32.11.3.rel1.linux64_1.1.1.202309131626/tools/bin/../lib/gcc/arm-none-eabi/11.3.1/../../../../arm-none-eabi/lib/thumb/v7e-m+fp/hard/libc_nano.a(libc_a-wsetup.o)
                0x000000000800a8bc                __swsetup_r
 .text._raise_r
                0x000000000800a96c       0x50 /home/zh/.st/stm32cubeide_1.13.2/plugins/com.st.stm32cube.ide.mcu.externaltools.gnu-tools-for-stm32.11.3.rel1.linux64_1.1.1.202309131626/tools/bin/../lib/gcc/arm-none-eabi/11.3.1/../../../../arm-none-eabi/lib/thumb/v7e-m+fp/hard/libc_nano.a(libc_a-signal.o)
                0x000000000800a96c                _raise_r
 .text.raise    0x000000000800a9bc       0x10 /home/zh/.st/stm32cubeide_1.13.2/plugins/com.st.stm32cube.ide.mcu.externaltools.gnu-tools-for-stm32.11.3.rel1.linux64_1.1.1.202309131626/tools/bin/../lib/gcc/arm-none-eabi/11.3.1/../../../../arm-none-eabi/lib/thumb/v7e-m+fp/hard/libc_nano.a(libc_a-signal.o)
                0x000000000800a9bc                raise
 .text._kill_r  0x000000000800a9cc       0x24 /home/zh/.st/stm32cubeide_1.13.2/plugins/com.st.stm32cube.ide.mcu.externaltools.gnu-tools-for-stm32.11.3.rel1.linux64_1.1.1.202309131626/tools/bin/../lib/gcc/arm-none-eabi/11.3.1/../../../../arm-none-eabi/lib/thumb/v7e-m+fp/hard/libc_nano.a(libc_a-signalr.o)
                0x000000000800a9cc                _kill_r
 .text._getpid_r
                0x000000000800a9f0        0x4 /home/zh/.st/stm32cubeide_1.13.2/plugins/com.st.stm32cube.ide.mcu.externaltools.gnu-tools-for-stm32.11.3.rel1.linux64_1.1.1.202309131626/tools/bin/../lib/gcc/arm-none-eabi/11.3.1/../../../../arm-none-eabi/lib/thumb/v7e-m+fp/hard/libc_nano.a(libc_a-signalr.o)
                0x000000000800a9f0                _getpid_r
 .text.__swhatbuf_r
                0x000000000800a9f4       0x4c /home/zh/.st/stm32cubeide_1.13.2/plugins/com.st.stm32cube.ide.mcu.externaltools.gnu-tools-for-stm32.11.3.rel1.linux64_1.1.1.202309131626/tools/bin/../lib/gcc/arm-none-eabi/11.3.1/../../../../arm-none-eabi/lib/thumb/v7e-m+fp/hard/libc_nano.a(libc_a-makebuf.o)
                0x000000000800a9f4                __swhatbuf_r
 .text.__smakebuf_r
                0x000000000800aa40       0x78 /home/zh/.st/stm32cubeide_1.13.2/plugins/com.st.stm32cube.ide.mcu.externaltools.gnu-tools-for-stm32.11.3.rel1.linux64_1.1.1.202309131626/tools/bin/../lib/gcc/arm-none-eabi/11.3.1/../../../../arm-none-eabi/lib/thumb/v7e-m+fp/hard/libc_nano.a(libc_a-makebuf.o)
                0x000000000800aa40                __smakebuf_r
 .text._fstat_r
                0x000000000800aab8       0x24 /home/zh/.st/stm32cubeide_1.13.2/plugins/com.st.stm32cube.ide.mcu.externaltools.gnu-tools-for-stm32.11.3.rel1.linux64_1.1.1.202309131626/tools/bin/../lib/gcc/arm-none-eabi/11.3.1/../../../../arm-none-eabi/lib/thumb/v7e-m+fp/hard/libc_nano.a(libc_a-fstatr.o)
                0x000000000800aab8                _fstat_r
 .text._isatty_r
                0x000000000800aadc       0x20 /home/zh/.st/stm32cubeide_1.13.2/plugins/com.st.stm32cube.ide.mcu.externaltools.gnu-tools-for-stm32.11.3.rel1.linux64_1.1.1.202309131626/tools/bin/../lib/gcc/arm-none-eabi/11.3.1/../../../../arm-none-eabi/lib/thumb/v7e-m+fp/hard/libc_nano.a(libc_a-isattyr.o)
                0x000000000800aadc                _isatty_r
 *(.glue_7)
 .glue_7        0x000000000800aafc        0x0 linker stubs
 *(.glue_7t)
 .glue_7t       0x000000000800aafc        0x0 linker stubs
 *(.eh_frame)
 .eh_frame      0x000000000800aafc        0x0 /home/zh/.st/stm32cubeide_1.13.2/plugins/com.st.stm32cube.ide.mcu.externaltools.gnu-tools-for-stm32.11.3.rel1.linux64_1.1.1.202309131626/tools/bin/../lib/gcc/arm-none-eabi/11.3.1/thumb/v7e-m+fp/hard/crtbegin.o
 *(.init)
 .init          0x000000000800aafc        0x4 /home/zh/.st/stm32cubeide_1.13.2/plugins/com.st.stm32cube.ide.mcu.externaltools.gnu-tools-for-stm32.11.3.rel1.linux64_1.1.1.202309131626/tools/bin/../lib/gcc/arm-none-eabi/11.3.1/thumb/v7e-m+fp/hard/crti.o
                0x000000000800aafc                _init
 .init          0x000000000800ab00        0x8 /home/zh/.st/stm32cubeide_1.13.2/plugins/com.st.stm32cube.ide.mcu.externaltools.gnu-tools-for-stm32.11.3.rel1.linux64_1.1.1.202309131626/tools/bin/../lib/gcc/arm-none-eabi/11.3.1/thumb/v7e-m+fp/hard/crtn.o
 *(.fini)
 .fini          0x000000000800ab08        0x4 /home/zh/.st/stm32cubeide_1.13.2/plugins/com.st.stm32cube.ide.mcu.externaltools.gnu-tools-for-stm32.11.3.rel1.linux64_1.1.1.202309131626/tools/bin/../lib/gcc/arm-none-eabi/11.3.1/thumb/v7e-m+fp/hard/crti.o
                0x000000000800ab08                _fini
 .fini          0x000000000800ab0c        0x8 /home/zh/.st/stm32cubeide_1.13.2/plugins/com.st.stm32cube.ide.mcu.externaltools.gnu-tools-for-stm32.11.3.rel1.linux64_1.1.1.202309131626/tools/bin/../lib/gcc/arm-none-eabi/11.3.1/thumb/v7e-m+fp/hard/crtn.o
                0x000000000800ab14                . = ALIGN (0x4)
                0x000000000800ab14                _etext = .

.vfp11_veneer   0x000000000800ab14        0x0
 .vfp11_veneer  0x000000000800ab14        0x0 linker stubs

.v4_bx          0x000000000800ab14        0x0
 .v4_bx         0x000000000800ab14        0x0 linker stubs

.iplt           0x000000000800ab14        0x0
 .iplt          0x000000000800ab14        0x0 /home/zh/.st/stm32cubeide_1.13.2/plugins/com.st.stm32cube.ide.mcu.externaltools.gnu-tools-for-stm32.11.3.rel1.linux64_1.1.1.202309131626/tools/bin/../lib/gcc/arm-none-eabi/11.3.1/thumb/v7e-m+fp/hard/crtbegin.o

.rodata         0x000000000800ab18     0x1a8c
                0x000000000800ab18                . = ALIGN (0x4)
 *(.rodata)
 .rodata        0x000000000800ab18      0x234 ./Core/Src/main.o
 *(.rodata*)
 .rodata.Font7x10
                0x000000000800ad4c      0x76c ./Core/Lib/ILI9341/fonts.o
 .rodata.Font11x18
                0x000000000800b4b8      0xd5c ./Core/Lib/ILI9341/fonts.o
 .rodata.AHBPrescTable
                0x000000000800c214       0x10 ./Core/Src/system_stm32f4xx.o
                0x000000000800c214                AHBPrescTable
 .rodata.APBPrescTable
                0x000000000800c224        0x8 ./Core/Src/system_stm32f4xx.o
                0x000000000800c224                APBPrescTable
 .rodata.flagBitshiftOffset.0
                0x000000000800c22c        0x8 ./Drivers/STM32F4xx_HAL_Driver/Src/stm32f4xx_hal_dma.o
 .rodata._printf_float.str1.1
                0x000000000800c234       0x12 /home/zh/.st/stm32cubeide_1.13.2/plugins/com.st.stm32cube.ide.mcu.externaltools.gnu-tools-for-stm32.11.3.rel1.linux64_1.1.1.202309131626/tools/bin/../lib/gcc/arm-none-eabi/11.3.1/../../../../arm-none-eabi/lib/thumb/v7e-m+fp/hard/libc_nano.a(libc_a-nano-vfprintf_float.o)
 .rodata._printf_i.str1.1
                0x000000000800c246       0x22 /home/zh/.st/stm32cubeide_1.13.2/plugins/com.st.stm32cube.ide.mcu.externaltools.gnu-tools-for-stm32.11.3.rel1.linux64_1.1.1.202309131626/tools/bin/../lib/gcc/arm-none-eabi/11.3.1/../../../../arm-none-eabi/lib/thumb/v7e-m+fp/hard/libc_nano.a(libc_a-nano-vfprintf_i.o)
 .rodata._dtoa_r.str1.1
                0x000000000800c268       0x8d /home/zh/.st/stm32cubeide_1.13.2/plugins/com.st.stm32cube.ide.mcu.externaltools.gnu-tools-for-stm32.11.3.rel1.linux64_1.1.1.202309131626/tools/bin/../lib/gcc/arm-none-eabi/11.3.1/../../../../arm-none-eabi/lib/thumb/v7e-m+fp/hard/libc_nano.a(libc_a-dtoa.o)
                                         0x8f (size before relaxing)
 .rodata._Balloc.str1.1
                0x000000000800c2f5       0x59 /home/zh/.st/stm32cubeide_1.13.2/plugins/com.st.stm32cube.ide.mcu.externaltools.gnu-tools-for-stm32.11.3.rel1.linux64_1.1.1.202309131626/tools/bin/../lib/gcc/arm-none-eabi/11.3.1/../../../../arm-none-eabi/lib/thumb/v7e-m+fp/hard/libc_nano.a(libc_a-mprec.o)
                                         0x70 (size before relaxing)
 .rodata.__multadd.str1.1
                0x000000000800c34e       0x11 /home/zh/.st/stm32cubeide_1.13.2/plugins/com.st.stm32cube.ide.mcu.externaltools.gnu-tools-for-stm32.11.3.rel1.linux64_1.1.1.202309131626/tools/bin/../lib/gcc/arm-none-eabi/11.3.1/../../../../arm-none-eabi/lib/thumb/v7e-m+fp/hard/libc_nano.a(libc_a-mprec.o)
 *fill*         0x000000000800c34e        0x2 
 .rodata.__mprec_bigtens
                0x000000000800c350       0x28 /home/zh/.st/stm32cubeide_1.13.2/plugins/com.st.stm32cube.ide.mcu.externaltools.gnu-tools-for-stm32.11.3.rel1.linux64_1.1.1.202309131626/tools/bin/../lib/gcc/arm-none-eabi/11.3.1/../../../../arm-none-eabi/lib/thumb/v7e-m+fp/hard/libc_nano.a(libc_a-mprec.o)
                0x000000000800c350                __mprec_bigtens
 .rodata.__mprec_tens
                0x000000000800c378       0xc8 /home/zh/.st/stm32cubeide_1.13.2/plugins/com.st.stm32cube.ide.mcu.externaltools.gnu-tools-for-stm32.11.3.rel1.linux64_1.1.1.202309131626/tools/bin/../lib/gcc/arm-none-eabi/11.3.1/../../../../arm-none-eabi/lib/thumb/v7e-m+fp/hard/libc_nano.a(libc_a-mprec.o)
                0x000000000800c378                __mprec_tens
 .rodata.p05.0  0x000000000800c440        0xc /home/zh/.st/stm32cubeide_1.13.2/plugins/com.st.stm32cube.ide.mcu.externaltools.gnu-tools-for-stm32.11.3.rel1.linux64_1.1.1.202309131626/tools/bin/../lib/gcc/arm-none-eabi/11.3.1/../../../../arm-none-eabi/lib/thumb/v7e-m+fp/hard/libc_nano.a(libc_a-mprec.o)
 .rodata._svfprintf_r.str1.1
                0x000000000800c44c       0x11 /home/zh/.st/stm32cubeide_1.13.2/plugins/com.st.stm32cube.ide.mcu.externaltools.gnu-tools-for-stm32.11.3.rel1.linux64_1.1.1.202309131626/tools/bin/../lib/gcc/arm-none-eabi/11.3.1/../../../../arm-none-eabi/lib/thumb/v7e-m+fp/hard/libc_nano.a(libc_a-nano-svfprintf.o)
 .rodata._setlocale_r.str1.1
                0x000000000800c45d        0x8 /home/zh/.st/stm32cubeide_1.13.2/plugins/com.st.stm32cube.ide.mcu.externaltools.gnu-tools-for-stm32.11.3.rel1.linux64_1.1.1.202309131626/tools/bin/../lib/gcc/arm-none-eabi/11.3.1/../../../../arm-none-eabi/lib/thumb/v7e-m+fp/hard/libc_nano.a(libc_a-locale.o)
                                          0x9 (size before relaxing)
 .rodata.str1.1
                0x000000000800c465        0x2 /home/zh/.st/stm32cubeide_1.13.2/plugins/com.st.stm32cube.ide.mcu.externaltools.gnu-tools-for-stm32.11.3.rel1.linux64_1.1.1.202309131626/tools/bin/../lib/gcc/arm-none-eabi/11.3.1/../../../../arm-none-eabi/lib/thumb/v7e-m+fp/hard/libc_nano.a(libc_a-locale.o)
 .rodata.__assert_func.str1.1
                0x000000000800c467       0x3c /home/zh/.st/stm32cubeide_1.13.2/plugins/com.st.stm32cube.ide.mcu.externaltools.gnu-tools-for-stm32.11.3.rel1.linux64_1.1.1.202309131626/tools/bin/../lib/gcc/arm-none-eabi/11.3.1/../../../../arm-none-eabi/lib/thumb/v7e-m+fp/hard/libc_nano.a(libc_a-assert.o)
                                         0x3d (size before relaxing)
 .rodata._ctype_
                0x000000000800c4a3      0x101 /home/zh/.st/stm32cubeide_1.13.2/plugins/com.st.stm32cube.ide.mcu.externaltools.gnu-tools-for-stm32.11.3.rel1.linux64_1.1.1.202309131626/tools/bin/../lib/gcc/arm-none-eabi/11.3.1/../../../../arm-none-eabi/lib/thumb/v7e-m+fp/hard/libc_nano.a(libc_a-ctype_.o)
                0x000000000800c4a3                _ctype_
 .rodata._vfprintf_r.str1.1
                0x000000000800c5a4       0x11 /home/zh/.st/stm32cubeide_1.13.2/plugins/com.st.stm32cube.ide.mcu.externaltools.gnu-tools-for-stm32.11.3.rel1.linux64_1.1.1.202309131626/tools/bin/../lib/gcc/arm-none-eabi/11.3.1/../../../../arm-none-eabi/lib/thumb/v7e-m+fp/hard/libc_nano.a(libc_a-nano-vfprintf.o)
                0x000000000800c5b8                . = ALIGN (0x4)

.ARM.extab      0x000000000800c5a4        0x0
                0x000000000800c5a4                . = ALIGN (0x4)
 *(.ARM.extab* .gnu.linkonce.armextab.*)
                0x000000000800c5a4                . = ALIGN (0x4)

.ARM            0x000000000800c5a4        0x8
                0x000000000800c5a4                . = ALIGN (0x4)
                0x000000000800c5a4                __exidx_start = .
 *(.ARM.exidx*)
 .ARM.exidx     0x000000000800c5a4        0x8 /home/zh/.st/stm32cubeide_1.13.2/plugins/com.st.stm32cube.ide.mcu.externaltools.gnu-tools-for-stm32.11.3.rel1.linux64_1.1.1.202309131626/tools/bin/../lib/gcc/arm-none-eabi/11.3.1/thumb/v7e-m+fp/hard/libgcc.a(_udivmoddi4.o)
                0x000000000800c5ac                __exidx_end = .
                0x000000000800c5ac                . = ALIGN (0x4)

.rel.dyn        0x000000000800c5ac        0x0
 .rel.iplt      0x000000000800c5ac        0x0 /home/zh/.st/stm32cubeide_1.13.2/plugins/com.st.stm32cube.ide.mcu.externaltools.gnu-tools-for-stm32.11.3.rel1.linux64_1.1.1.202309131626/tools/bin/../lib/gcc/arm-none-eabi/11.3.1/thumb/v7e-m+fp/hard/crtbegin.o

.preinit_array  0x000000000800c5ac        0x0
                0x000000000800c5ac                . = ALIGN (0x4)
                0x000000000800c5ac                PROVIDE (__preinit_array_start = .)
 *(.preinit_array*)
                0x000000000800c5ac                PROVIDE (__preinit_array_end = .)
                0x000000000800c5ac                . = ALIGN (0x4)

.init_array     0x000000000800c5ac        0x4
                0x000000000800c5ac                . = ALIGN (0x4)
                0x000000000800c5ac                PROVIDE (__init_array_start = .)
 *(SORT_BY_NAME(.init_array.*))
 *(.init_array*)
 .init_array    0x000000000800c5ac        0x4 /home/zh/.st/stm32cubeide_1.13.2/plugins/com.st.stm32cube.ide.mcu.externaltools.gnu-tools-for-stm32.11.3.rel1.linux64_1.1.1.202309131626/tools/bin/../lib/gcc/arm-none-eabi/11.3.1/thumb/v7e-m+fp/hard/crtbegin.o
                0x000000000800c5b0                PROVIDE (__init_array_end = .)
                0x000000000800c5b0                . = ALIGN (0x4)

.fini_array     0x000000000800c5b0        0x4
                0x000000000800c5b0                . = ALIGN (0x4)
                [!provide]                        PROVIDE (__fini_array_start = .)
 *(SORT_BY_NAME(.fini_array.*))
 *(.fini_array*)
 .fini_array    0x000000000800c5b0        0x4 /home/zh/.st/stm32cubeide_1.13.2/plugins/com.st.stm32cube.ide.mcu.externaltools.gnu-tools-for-stm32.11.3.rel1.linux64_1.1.1.202309131626/tools/bin/../lib/gcc/arm-none-eabi/11.3.1/thumb/v7e-m+fp/hard/crtbegin.o
                [!provide]                        PROVIDE (__fini_array_end = .)
                0x000000000800c5b4                . = ALIGN (0x4)
                0x000000000800c5b4                _sidata = LOADADDR (.data)

.data           0x0000000020000000      0x210 load address 0x000000000800c5b4
                0x0000000020000000                . = ALIGN (0x4)
                0x0000000020000000                _sdata = .
 *(.data)
 *(.data*)
 .data.Font_7x10
                0x0000000020000000        0x8 ./Core/Lib/ILI9341/fonts.o
                0x0000000020000000                Font_7x10
 .data.Font_11x18
                0x0000000020000008        0x8 ./Core/Lib/ILI9341/fonts.o
                0x0000000020000008                Font_11x18
 .data.adc1_filled
                0x0000000020000010        0x1 ./Core/Src/main.o
                0x0000000020000010                adc1_filled
 .data.adc_available
                0x0000000020000011        0x1 ./Core/Src/main.o
                0x0000000020000011                adc_available
 .data.adc_reset_cyccnt
                0x0000000020000012        0x1 ./Core/Src/main.o
                0x0000000020000012                adc_reset_cyccnt
 *fill*         0x0000000020000013        0x1 
 .data.adc_min  0x0000000020000014        0x4 ./Core/Src/main.o
                0x0000000020000014                adc_min
 .data.adc_immediate
                0x0000000020000018        0x1 ./Core/Src/main.o
                0x0000000020000018                adc_immediate
 *fill*         0x0000000020000019        0x3 
 .data.xlim_us  0x000000002000001c        0x4 ./Core/Src/main.o
                0x000000002000001c                xlim_us
 .data.ylim_uV  0x0000000020000020        0x4 ./Core/Src/main.o
                0x0000000020000020                ylim_uV
 .data.cursor0  0x0000000020000024        0x2 ./Core/Src/main.o
                0x0000000020000024                cursor0
 .data.cursor1  0x0000000020000026        0x2 ./Core/Src/main.o
                0x0000000020000026                cursor1
 .data.trigger0
                0x0000000020000028        0x2 ./Core/Src/main.o
                0x0000000020000028                trigger0
 .data.trigger1
                0x000000002000002a        0x2 ./Core/Src/main.o
                0x000000002000002a                trigger1
 .data.trigger0_value
                0x000000002000002c        0x2 ./Core/Src/main.o
                0x000000002000002c                trigger0_value
 .data.trigger1_value
                0x000000002000002e        0x2 ./Core/Src/main.o
                0x000000002000002e                trigger1_value
 .data.event_axis
                0x0000000020000030        0x1 ./Core/Src/main.o
                0x0000000020000030                event_axis
 .data.event_mode
                0x0000000020000031        0x1 ./Core/Src/main.o
                0x0000000020000031                event_mode
 .data.event_cursor
                0x0000000020000032        0x1 ./Core/Src/main.o
                0x0000000020000032                event_cursor
 .data.event_trigger
                0x0000000020000033        0x1 ./Core/Src/main.o
                0x0000000020000033                event_trigger
 .data.event_channel
                0x0000000020000034        0x1 ./Core/Src/main.o
                0x0000000020000034                event_channel
 .data.event_seconds
                0x0000000020000035        0x1 ./Core/Src/main.o
                0x0000000020000035                event_seconds
 .data.event_voltage
                0x0000000020000036        0x1 ./Core/Src/main.o
                0x0000000020000036                event_voltage
 .data.event_selector
                0x0000000020000037        0x1 ./Core/Src/main.o
                0x0000000020000037                event_selector
 .data.event_trigger_mode
                0x0000000020000038        0x1 ./Core/Src/main.o
                0x0000000020000038                event_trigger_mode
 .data.event_trigger0_detected
                0x0000000020000039        0x1 ./Core/Src/main.o
                0x0000000020000039                event_trigger0_detected
 .data.event_trigger1_detected
                0x000000002000003a        0x1 ./Core/Src/main.o
                0x000000002000003a                event_trigger1_detected
 *fill*         0x000000002000003b        0x1 
 .data.SystemCoreClock
                0x000000002000003c        0x4 ./Core/Src/system_stm32f4xx.o
                0x000000002000003c                SystemCoreClock
 .data.uwTickPrio
                0x0000000020000040        0x4 ./Drivers/STM32F4xx_HAL_Driver/Src/stm32f4xx_hal.o
                0x0000000020000040                uwTickPrio
 .data.uwTickFreq
                0x0000000020000044        0x1 ./Drivers/STM32F4xx_HAL_Driver/Src/stm32f4xx_hal.o
                0x0000000020000044                uwTickFreq
 *fill*         0x0000000020000045        0x3 
 .data.__sglue  0x0000000020000048        0xc /home/zh/.st/stm32cubeide_1.13.2/plugins/com.st.stm32cube.ide.mcu.externaltools.gnu-tools-for-stm32.11.3.rel1.linux64_1.1.1.202309131626/tools/bin/../lib/gcc/arm-none-eabi/11.3.1/../../../../arm-none-eabi/lib/thumb/v7e-m+fp/hard/libc_nano.a(libc_a-findfp.o)
                0x0000000020000048                __sglue
 .data._impure_data
                0x0000000020000054       0x4c /home/zh/.st/stm32cubeide_1.13.2/plugins/com.st.stm32cube.ide.mcu.externaltools.gnu-tools-for-stm32.11.3.rel1.linux64_1.1.1.202309131626/tools/bin/../lib/gcc/arm-none-eabi/11.3.1/../../../../arm-none-eabi/lib/thumb/v7e-m+fp/hard/libc_nano.a(libc_a-impure.o)
                0x0000000020000054                _impure_data
 .data._impure_ptr
                0x00000000200000a0        0x4 /home/zh/.st/stm32cubeide_1.13.2/plugins/com.st.stm32cube.ide.mcu.externaltools.gnu-tools-for-stm32.11.3.rel1.linux64_1.1.1.202309131626/tools/bin/../lib/gcc/arm-none-eabi/11.3.1/../../../../arm-none-eabi/lib/thumb/v7e-m+fp/hard/libc_nano.a(libc_a-impure.o)
                0x00000000200000a0                _impure_ptr
 .data.__global_locale
                0x00000000200000a4      0x16c /home/zh/.st/stm32cubeide_1.13.2/plugins/com.st.stm32cube.ide.mcu.externaltools.gnu-tools-for-stm32.11.3.rel1.linux64_1.1.1.202309131626/tools/bin/../lib/gcc/arm-none-eabi/11.3.1/../../../../arm-none-eabi/lib/thumb/v7e-m+fp/hard/libc_nano.a(libc_a-locale.o)
                0x00000000200000a4                __global_locale
 *(.RamFunc)
 *(.RamFunc*)
                0x0000000020000210                . = ALIGN (0x4)
                0x0000000020000210                _edata = .

.igot.plt       0x0000000020000210        0x0 load address 0x000000000800c7c4
 .igot.plt      0x0000000020000210        0x0 /home/zh/.st/stm32cubeide_1.13.2/plugins/com.st.stm32cube.ide.mcu.externaltools.gnu-tools-for-stm32.11.3.rel1.linux64_1.1.1.202309131626/tools/bin/../lib/gcc/arm-none-eabi/11.3.1/thumb/v7e-m+fp/hard/crtbegin.o
                0x0000000020000210                . = ALIGN (0x4)

.bss            0x0000000020000210     0x1be4 load address 0x000000000800c7c4
                0x0000000020000210                _sbss = .
                0x0000000020000210                __bss_start__ = _sbss
 *(.bss)
 .bss           0x0000000020000210       0x1c /home/zh/.st/stm32cubeide_1.13.2/plugins/com.st.stm32cube.ide.mcu.externaltools.gnu-tools-for-stm32.11.3.rel1.linux64_1.1.1.202309131626/tools/bin/../lib/gcc/arm-none-eabi/11.3.1/thumb/v7e-m+fp/hard/crtbegin.o
 *(.bss*)
 .bss.hadc1     0x000000002000022c       0x48 ./Core/Src/main.o
                0x000000002000022c                hadc1
 .bss.hdma_adc1
                0x0000000020000274       0x60 ./Core/Src/main.o
                0x0000000020000274                hdma_adc1
 .bss.hspi1     0x00000000200002d4       0x58 ./Core/Src/main.o
                0x00000000200002d4                hspi1
 .bss.htim1     0x000000002000032c       0x48 ./Core/Src/main.o
                0x000000002000032c                htim1
 .bss.htim3     0x0000000020000374       0x48 ./Core/Src/main.o
                0x0000000020000374                htim3
 .bss.htim4     0x00000000200003bc       0x48 ./Core/Src/main.o
                0x00000000200003bc                htim4
 .bss.htim10    0x0000000020000404       0x48 ./Core/Src/main.o
                0x0000000020000404                htim10
 .bss.display   0x000000002000044c       0x1c ./Core/Src/main.o
                0x000000002000044c                display
 .bss.adc_data  0x0000000020000468        0x6 ./Core/Src/main.o
                0x0000000020000468                adc_data
 *fill*         0x000000002000046e        0x2 
 .bss.adc0_length
                0x0000000020000470        0x4 ./Core/Src/main.o
                0x0000000020000470                adc0_length
 .bss.adc1_length
                0x0000000020000474        0x4 ./Core/Src/main.o
                0x0000000020000474                adc1_length
 .bss.adc0_filled
                0x0000000020000478        0x1 ./Core/Src/main.o
                0x0000000020000478                adc0_filled
 *fill*         0x0000000020000479        0x3 
 .bss.adc_max   0x000000002000047c        0x4 ./Core/Src/main.o
                0x000000002000047c                adc_max
 .bss.adc_period
                0x0000000020000480        0x8 ./Core/Src/main.o
                0x0000000020000480                adc_period
 .bss.adc_period0_detected
                0x0000000020000488        0x1 ./Core/Src/main.o
                0x0000000020000488                adc_period0_detected
 .bss.adc_period1_detected
                0x0000000020000489        0x1 ./Core/Src/main.o
                0x0000000020000489                adc_period1_detected
 *fill*         0x000000002000048a        0x2 
 .bss.adc0_time
                0x000000002000048c      0x800 ./Core/Src/main.o
                0x000000002000048c                adc0_time
 .bss.adc1_time
                0x0000000020000c8c      0x800 ./Core/Src/main.o
                0x0000000020000c8c                adc1_time
 .bss.adc0      0x000000002000148c      0x400 ./Core/Src/main.o
                0x000000002000148c                adc0
 .bss.adc1      0x000000002000188c      0x400 ./Core/Src/main.o
                0x000000002000188c                adc1
 .bss.trigger_mode
                0x0000000020001c8c        0x1 ./Core/Src/main.o
                0x0000000020001c8c                trigger_mode
 .bss.event_adc
                0x0000000020001c8d        0x1 ./Core/Src/main.o
                0x0000000020001c8d                event_adc
 .bss.event_button0
                0x0000000020001c8e        0x1 ./Core/Src/main.o
                0x0000000020001c8e                event_button0
 .bss.event_button1
                0x0000000020001c8f        0x1 ./Core/Src/main.o
                0x0000000020001c8f                event_button1
 .bss.event_button2
                0x0000000020001c90        0x1 ./Core/Src/main.o
                0x0000000020001c90                event_button2
 *fill*         0x0000000020001c91        0x3 
 .bss.adc0_time_delta
                0x0000000020001c94        0x4 ./Core/Src/stm32f4xx_it.o
                0x0000000020001c94                adc0_time_delta
 .bss.adc1_time_delta
                0x0000000020001c98        0x4 ./Core/Src/stm32f4xx_it.o
                0x0000000020001c98                adc1_time_delta
 .bss.adc0_prev
                0x0000000020001c9c        0x2 ./Core/Src/stm32f4xx_it.o
                0x0000000020001c9c                adc0_prev
 .bss.adc1_prev
                0x0000000020001c9e        0x2 ./Core/Src/stm32f4xx_it.o
                0x0000000020001c9e                adc1_prev
 .bss.__sbrk_heap_end
                0x0000000020001ca0        0x4 ./Core/Src/sysmem.o
 .bss.uwTick    0x0000000020001ca4        0x4 ./Drivers/STM32F4xx_HAL_Driver/Src/stm32f4xx_hal.o
                0x0000000020001ca4                uwTick
 .bss.__sf      0x0000000020001ca8      0x138 /home/zh/.st/stm32cubeide_1.13.2/plugins/com.st.stm32cube.ide.mcu.externaltools.gnu-tools-for-stm32.11.3.rel1.linux64_1.1.1.202309131626/tools/bin/../lib/gcc/arm-none-eabi/11.3.1/../../../../arm-none-eabi/lib/thumb/v7e-m+fp/hard/libc_nano.a(libc_a-findfp.o)
                0x0000000020001ca8                __sf
 .bss.__stdio_exit_handler
                0x0000000020001de0        0x4 /home/zh/.st/stm32cubeide_1.13.2/plugins/com.st.stm32cube.ide.mcu.externaltools.gnu-tools-for-stm32.11.3.rel1.linux64_1.1.1.202309131626/tools/bin/../lib/gcc/arm-none-eabi/11.3.1/../../../../arm-none-eabi/lib/thumb/v7e-m+fp/hard/libc_nano.a(libc_a-findfp.o)
                0x0000000020001de0                __stdio_exit_handler
 .bss.errno     0x0000000020001de4        0x4 /home/zh/.st/stm32cubeide_1.13.2/plugins/com.st.stm32cube.ide.mcu.externaltools.gnu-tools-for-stm32.11.3.rel1.linux64_1.1.1.202309131626/tools/bin/../lib/gcc/arm-none-eabi/11.3.1/../../../../arm-none-eabi/lib/thumb/v7e-m+fp/hard/libc_nano.a(libc_a-reent.o)
                0x0000000020001de4                errno
 .bss.__lock___malloc_recursive_mutex
                0x0000000020001de8        0x1 /home/zh/.st/stm32cubeide_1.13.2/plugins/com.st.stm32cube.ide.mcu.externaltools.gnu-tools-for-stm32.11.3.rel1.linux64_1.1.1.202309131626/tools/bin/../lib/gcc/arm-none-eabi/11.3.1/../../../../arm-none-eabi/lib/thumb/v7e-m+fp/hard/libc_nano.a(libc_a-lock.o)
                0x0000000020001de8                __lock___malloc_recursive_mutex
 .bss.__lock___sfp_recursive_mutex
                0x0000000020001de9        0x1 /home/zh/.st/stm32cubeide_1.13.2/plugins/com.st.stm32cube.ide.mcu.externaltools.gnu-tools-for-stm32.11.3.rel1.linux64_1.1.1.202309131626/tools/bin/../lib/gcc/arm-none-eabi/11.3.1/../../../../arm-none-eabi/lib/thumb/v7e-m+fp/hard/libc_nano.a(libc_a-lock.o)
                0x0000000020001de9                __lock___sfp_recursive_mutex
 *fill*         0x0000000020001dea        0x2 
 .bss.__malloc_free_list
                0x0000000020001dec        0x4 /home/zh/.st/stm32cubeide_1.13.2/plugins/com.st.stm32cube.ide.mcu.externaltools.gnu-tools-for-stm32.11.3.rel1.linux64_1.1.1.202309131626/tools/bin/../lib/gcc/arm-none-eabi/11.3.1/../../../../arm-none-eabi/lib/thumb/v7e-m+fp/hard/libc_nano.a(libc_a-mallocr.o)
                0x0000000020001dec                __malloc_free_list
 .bss.__malloc_sbrk_start
                0x0000000020001df0        0x4 /home/zh/.st/stm32cubeide_1.13.2/plugins/com.st.stm32cube.ide.mcu.externaltools.gnu-tools-for-stm32.11.3.rel1.linux64_1.1.1.202309131626/tools/bin/../lib/gcc/arm-none-eabi/11.3.1/../../../../arm-none-eabi/lib/thumb/v7e-m+fp/hard/libc_nano.a(libc_a-mallocr.o)
                0x0000000020001df0                __malloc_sbrk_start
 *(COMMON)
                0x0000000020001df4                . = ALIGN (0x4)
                0x0000000020001df4                _ebss = .
                0x0000000020001df4                __bss_end__ = _ebss

._user_heap_stack
                0x0000000020001df4      0x604 load address 0x000000000800c7c4
                0x0000000020001df8                . = ALIGN (0x8)
 *fill*         0x0000000020001df4        0x4 
                [!provide]                        PROVIDE (end = .)
                0x0000000020001df8                PROVIDE (_end = .)
                0x0000000020001ff8                . = (. + _Min_Heap_Size)
 *fill*         0x0000000020001df8      0x200 
                0x00000000200023f8                . = (. + _Min_Stack_Size)
 *fill*         0x0000000020001ff8      0x400 
                0x00000000200023f8                . = ALIGN (0x8)

/DISCARD/
 libc.a(*)
 libm.a(*)
 libgcc.a(*)

.ARM.attributes
                0x0000000000000000       0x30
 *(.ARM.attributes)
 .ARM.attributes
                0x0000000000000000       0x1e /home/zh/.st/stm32cubeide_1.13.2/plugins/com.st.stm32cube.ide.mcu.externaltools.gnu-tools-for-stm32.11.3.rel1.linux64_1.1.1.202309131626/tools/bin/../lib/gcc/arm-none-eabi/11.3.1/thumb/v7e-m+fp/hard/crti.o
 .ARM.attributes
                0x000000000000001e       0x34 /home/zh/.st/stm32cubeide_1.13.2/plugins/com.st.stm32cube.ide.mcu.externaltools.gnu-tools-for-stm32.11.3.rel1.linux64_1.1.1.202309131626/tools/bin/../lib/gcc/arm-none-eabi/11.3.1/thumb/v7e-m+fp/hard/crtbegin.o
 .ARM.attributes
                0x0000000000000052       0x34 ./Core/Lib/ILI9341/fonts.o
 .ARM.attributes
                0x0000000000000086       0x34 ./Core/Lib/ILI9341/ili9341.o
 .ARM.attributes
                0x00000000000000ba       0x34 ./Core/Src/main.o
 .ARM.attributes
                0x00000000000000ee       0x34 ./Core/Src/stm32f4xx_hal_msp.o
 .ARM.attributes
                0x0000000000000122       0x34 ./Core/Src/stm32f4xx_it.o
 .ARM.attributes
                0x0000000000000156       0x34 ./Core/Src/syscalls.o
 .ARM.attributes
                0x000000000000018a       0x34 ./Core/Src/sysmem.o
 .ARM.attributes
                0x00000000000001be       0x34 ./Core/Src/system_stm32f4xx.o
 .ARM.attributes
                0x00000000000001f2       0x21 ./Core/Startup/startup_stm32f411ceux.o
 .ARM.attributes
                0x0000000000000213       0x34 ./Drivers/STM32F4xx_HAL_Driver/Src/stm32f4xx_hal.o
 .ARM.attributes
                0x0000000000000247       0x34 ./Drivers/STM32F4xx_HAL_Driver/Src/stm32f4xx_hal_adc.o
 .ARM.attributes
                0x000000000000027b       0x34 ./Drivers/STM32F4xx_HAL_Driver/Src/stm32f4xx_hal_cortex.o
 .ARM.attributes