../Core/Src/main.c:138:5:main	2792	static
../Core/Src/main.c:781:6:SystemClock_Config	88	static
../Core/Src/main.c:827:13:MX_ADC1_Init	24	static
../Core/Src/main.c:897:13:MX_SPI1_Init	8	static
../Core/Src/main.c:935:13:MX_TIM1_Init	80	static
../Core/Src/main.c:1017:13:MX_TIM3_Init	56	static
../Core/Src/main.c:1066:13:MX_TIM4_Init	56	static
../Core/Src/main.c:1115:13:MX_TIM10_Init	8	static
../Core/Src/main.c:1144:13:MX_DMA_Init	16	static
../Core/Src/main.c:1162:13:MX_GPIO_Init	48	static
../Core/Src/main.c:1209:13:drawAxis	40	static
../Core/Src/main.c:1236:13:clearCursor	24	static
../Core/Src/main.c:1241:13:clearTrigger	24	static
../Core/Src/main.c:1246:13:drawCursor	48	static
../Core/Src/main.c:1257:13:drawTrigger	48	static
../Core/Src/main.c:1268:13:drawSignal	1760	static
../Core/Src/main.c:1386:13:clearSignal	24	static
../Core/Src/main.c:1401:13:drawSignalParam	112	static
../Core/Src/main.c:1451:6:Error_Handler	24	static,ignoring_inline_asm
