../Core/Lib/ILI9341_OLD/ili9341.c:11:13:ILI9341_Select	8	static
../Core/Lib/ILI9341_OLD/ili9341.c:16:6:ILI9341_Unselect	8	static
../Core/Lib/ILI9341_OLD/ili9341.c:21:13:ILI9341_Reset	8	static
../Core/Lib/ILI9341_OLD/ili9341.c:28:13:ILI9341_WriteCommand	16	static
../Core/Lib/ILI9341_OLD/ili9341.c:34:13:ILI9341_WriteData	24	static
../Core/Lib/ILI9341_OLD/ili9341.c:47:13:ILI9341_SetAddressWindow	32	static
../Core/Lib/ILI9341_OLD/ili9341.c:67:6:ILI9341_Init	120	static
../Core/Lib/ILI9341_OLD/ili9341.c:224:6:ILI9341_InvertColors	16	static
../Core/Lib/ILI9341_OLD/ili9341.c:231:6:ILI9341_DrawPixel	24	static
../Core/Lib/ILI9341_OLD/ili9341.c:245:6:ILI9341_FillRectangle	32	static
../Core/Lib/ILI9341_OLD/ili9341.c:266:6:ILI9341_FillScreen	24	static
../Core/Lib/ILI9341_OLD/ili9341.c:271:13:ILI9341_WriteChar	48	static
../Core/Lib/ILI9341_OLD/ili9341.c:291:6:ILI9341_WriteString	32	static
../Core/Lib/ILI9341_OLD/ili9341.c:320:6:ILI9341_FAST_Draw_Colour_Burst	80	dynamic
../Core/Lib/ILI9341_OLD/ili9341.c:362:6:ILI9341_FAST_SPI_Send	16	static
../Core/Lib/ILI9341_OLD/ili9341.c:368:6:ILI9341_FAST_Write_Command	16	static
../Core/Lib/ILI9341_OLD/ili9341.c:377:6:ILI9341_FAST_Write_Data	16	static
../Core/Lib/ILI9341_OLD/ili9341.c:385:6:ILI9341_FAST_Set_Address	24	static
../Core/Lib/ILI9341_OLD/ili9341.c:402:6:ILI9341_FAST_Fill_Screen	16	static
